Microchip MPLAB XC8 Compiler V1.40 ()

Linker command line:

-W-3 --edf=/Applications/microchip/xc8/v1.40/dat/en_msgs.txt -cs \
  -h+dist/default/production/ZoomedAquariumM1.X.production.sym \
  --cmf=dist/default/production/ZoomedAquariumM1.X.production.cmf -z \
  -Q16F1508 -o/tmp/xc1l02gt6 \
  -Mdist/default/production/ZoomedAquariumM1.X.production.map -E1 -ver=XC8 \
  -ASTACK=02097h-020efh -pstack=STACK -ACODE=00h-07FFh,0800h-0F7Fh \
  -ASTRCODE=00h-0F7Fh -ASTRING=00h-0FFhx15,0F00h-0F7Fh \
  -ACONST=00h-0FFhx15,0F00h-0F7Fh -AENTRY=00h-0FFhx15,0F00h-0F7Fh \
  -ACOMMON=070h-07Fh -ABANK0=020h-06Fh -ABANK1=0A0h-0EFh \
  -ABANK2=0120h-016Fh -ABIGRAM=02000h-020EFh \
  -ARAM=020h-06Fh,0A0h-0EFh,0120h-016Fh \
  -AABS1=020h-07Fh,0A0h-0EFh,0120h-016Fh -ASFR0=00h-01Fh -ASFR1=080h-09Fh \
  -ASFR2=0100h-011Fh -ASFR3=0180h-01EFh -ASFR4=0200h-026Fh \
  -ASFR5=0280h-02EFh -ASFR6=0300h-036Fh -ASFR7=0380h-03EFh \
  -ASFR8=0400h-046Fh -ASFR9=0480h-04EFh -ASFR10=0500h-056Fh \
  -ASFR11=0580h-05EFh -ASFR12=0600h-066Fh -ASFR13=0680h-06EFh \
  -ASFR14=0700h-076Fh -ASFR15=0780h-07EFh -ASFR16=0800h-086Fh \
  -ASFR17=0880h-08EFh -ASFR18=0900h-096Fh -ASFR19=0980h-09EFh \
  -ASFR20=0A00h-0A6Fh -ASFR21=0A80h-0AEFh -ASFR22=0B00h-0B6Fh \
  -ASFR23=0B80h-0BEFh -ASFR24=0C00h-0C6Fh -ASFR25=0C80h-0CEFh \
  -ASFR26=0D00h-0D6Fh -ASFR27=0D80h-0DEFh -ASFR28=0E00h-0E6Fh \
  -ASFR29=0E80h-0EEFh -ASFR30=0F00h-0F6Fh -ASFR31=0F80h-0FEFh \
  -preset_vec=00h,intentry=04h,init,end_init -ppowerup=CODE -pcinit=CODE \
  -pfunctab=CODE -ACONFIG=08007h-08008h -pconfig=CONFIG -DCONFIG=2 \
  -AIDLOC=08000h-08003h -pidloc=IDLOC -DIDLOC=2 -DCODE=2 -DSTRCODE=2 \
  -DSTRING=2 -DCONST=2 -DENTRY=2 -k /tmp/xc3ABw7Dj.obj \
  dist/default/production/ZoomedAquariumM1.X.production.obj 

Object code version is 3.11

Machine type is 16F1508



                Name                               Link     Load   Length Selector   Space Scale
/tmp/xc3ABw7Dj.obj
                end_init                             20       20        2        8       0
                reset_vec                             0        0        3        0       0
                config                             8007     8007        2    1000E       0
dist/default/production/ZoomedAquariumM1.X.production.obj
                cinit                                22       22       1F        8       0
                intentry                              4        4       1C        8       0
                text59                              F25      F25       1D     1E4A       0
                text58                              EED      EED       1C     1DDA       0
                text57                              59C      59C       53        8       0
                text56                              681      681       28        8       0
                text55                              659      659       28        8       0
                text54                              769      769       24        8       0
                text53                              7B0      7B0       23        8       0
                text52                              78D      78D       23        8       0
                text51                              E9C      E9C       1B     1D38       0
                text50                              DED      DED       13     1BDA       0
                text49                              E00      E00       14     1C00       0
                text48                              D64      D64        C     1AC8       0
                text47                              D94      D94        E     1B28       0
                text46                              535      535       67        8       0
                text45                               41       41      129        8       0
                text44                              45D      45D       6D        8       0
                text43                              62F      62F       2A        8       0
                text42                              DB0      DB0        F     1B60       0
                text41                              DBF      DBF        F     1B7E       0
                text40                              EB7      EB7       1B     1D6E       0
                text39                              202      202       94        8       0
                text38                              16A      16A       98        8       0
                text37                              296      296       78        8       0
                swtext1                             800      800        A     1000       0
                text36                              5EF      5EF       40        8       0
                text35                              E28      E28       15     1C50       0
                text34                              D70      D70        C     1AE0       0
                text32                              7D3      7D3       22        8       0
                text31                              F09      F09       1C     1E12       0
                text30                              30E      30E       74        8       0
                text29                              D1C      D1C        6     1A38       0
                text28                              D22      D22        6     1A44       0
                text27                              DDD      DDD       10     1BBA       0
                text26                              E82      E82       1A     1D04       0
                text25                              743      743       26        8       0
                text24                              4CA      4CA       6B        8       0
                text23                              71D      71D       26        8       0
                text22                              6D0      6D0       27        8       0
                text21                              6A9      6A9       27        8       0
                text20                              F42      F42       1E     1E84       0
                text19                              E14      E14       14     1C28       0
                text18                              E53      E53       17     1CA6       0
                text17                              D7C      D7C        C     1AF8       0
                text16                              DA2      DA2        E     1B44       0
                text15                              382      382       6E        8       0
                text14                              F60      F60       20     1EC0       0
                text13                              3F0      3F0       6D        8       0
                text12                              DCE      DCE        F     1B9C       0
                text11                              D52      D52        8     1AA4       0
                text10                              E3D      E3D       16     1C7A       0
                text9                               D28      D28        6     1A50       0
                text8                               E6A      E6A       18     1CD4       0
                text7                               D2E      D2E        6     1A5C       0
                text6                               D34      D34        6     1A68       0
                text5                               D3A      D3A        6     1A74       0
                text4                               D40      D40        6     1A80       0
                text3                               D5A      D5A        A     1AB4       0
                text2                               ED2      ED2       1B     1DA4       0
                text1                               D19      D19        3     1A32       0
                maintext                            6F7      6F7       26        8       0
                cstackBANK0                          4A       4A       11       20       1
                cstackCOMMON                         70       70        E       70       1
                cstackBANK1                          E0       E0        7       A0       1
                clrtext                             D46      D46        6     1A8C       0
                inittext                            D4C      D4C        6     1A98       0
                bssBANK1                             A0       A0       40       A0       1
                dataBANK0                            5B       5B        C       20       1
                bssBANK0                             20       20       2A       20       1
                stringtext                          7F5      7F5        A      FEA       0
                idataBANK0                          D88      D88        C     1B10       0

TOTAL           Name                               Link     Load   Length     Space
        CLASS   STACK          

        CLASS   CODE           
                end_init                             20       20        2         0
                cinit                                22       22       1F         0
                intentry                              4        4       1C         0
                reset_vec                             0        0        3         0
                text59                              F25      F25       1D         0
                text58                              EED      EED       1C         0
                text57                              59C      59C       53         0
                text56                              681      681       28         0
                text55                              659      659       28         0
                text54                              769      769       24         0
                text53                              7B0      7B0       23         0
                text52                              78D      78D       23         0
                text51                              E9C      E9C       1B         0
                text50                              DED      DED       13         0
                text49                              E00      E00       14         0
                text48                              D64      D64        C         0
                text47                              D94      D94        E         0
                text46                              535      535       67         0
                text45                               41       41      129         0
                text44                              45D      45D       6D         0
                text43                              62F      62F       2A         0
                text42                              DB0      DB0        F         0
                text41                              DBF      DBF        F         0
                text40                              EB7      EB7       1B         0
                text39                              202      202       94         0
                text38                              16A      16A       98         0
                text37                              296      296       78         0
                text36                              5EF      5EF       40         0
                text35                              E28      E28       15         0
                text34                              D70      D70        C         0
                text32                              7D3      7D3       22         0
                text31                              F09      F09       1C         0
                text30                              30E      30E       74         0
                text29                              D1C      D1C        6         0
                text28                              D22      D22        6         0
                text27                              DDD      DDD       10         0
                text26                              E82      E82       1A         0
                text25                              743      743       26         0
                text24                              4CA      4CA       6B         0
                text23                              71D      71D       26         0
                text22                              6D0      6D0       27         0
                text21                              6A9      6A9       27         0
                text20                              F42      F42       1E         0
                text19                              E14      E14       14         0
                text18                              E53      E53       17         0
                text17                              D7C      D7C        C         0
                text16                              DA2      DA2        E         0
                text15                              382      382       6E         0
                text14                              F60      F60       20         0
                text13                              3F0      3F0       6D         0
                text12                              DCE      DCE        F         0
                text11                              D52      D52        8         0
                text10                              E3D      E3D       16         0
                text9                               D28      D28        6         0
                text8                               E6A      E6A       18         0
                text7                               D2E      D2E        6         0
                text6                               D34      D34        6         0
                text5                               D3A      D3A        6         0
                text4                               D40      D40        6         0
                text3                               D5A      D5A        A         0
                text2                               ED2      ED2       1B         0
                text1                               D19      D19        3         0
                maintext                            6F7      6F7       26         0
                clrtext                             D46      D46        6         0
                inittext                            D4C      D4C        6         0
                idataBANK0                          D88      D88        C         0

        CLASS   STRCODE        
                stringtext                          7F5      7F5        A         0

        CLASS   STRING         

        CLASS   CONST          
                swtext1                             800      800        A         0

        CLASS   ENTRY          

        CLASS   COMMON         
                cstackCOMMON                         70       70        E         1

        CLASS   BANK0          
                cstackBANK0                          4A       4A       11         1
                dataBANK0                            5B       5B        C         1
                bssBANK0                             20       20       2A         1

        CLASS   BANK1          
                cstackBANK1                          E0       E0        7         1
                bssBANK1                             A0       A0       40         1

        CLASS   BANK2          

        CLASS   BIGRAM         

        CLASS   RAM            

        CLASS   ABS1           
                abs_s1                               7E       7E        2         1

        CLASS   SFR0           

        CLASS   SFR1           

        CLASS   SFR2           

        CLASS   SFR3           

        CLASS   SFR4           

        CLASS   SFR5           

        CLASS   SFR6           

        CLASS   SFR7           

        CLASS   SFR8           

        CLASS   SFR9           

        CLASS   SFR10          

        CLASS   SFR11          

        CLASS   SFR12          

        CLASS   SFR13          

        CLASS   SFR14          

        CLASS   SFR15          

        CLASS   SFR16          

        CLASS   SFR17          

        CLASS   SFR18          

        CLASS   SFR19          

        CLASS   SFR20          

        CLASS   SFR21          

        CLASS   SFR22          

        CLASS   SFR23          

        CLASS   SFR24          

        CLASS   SFR25          

        CLASS   SFR26          

        CLASS   SFR27          

        CLASS   SFR28          

        CLASS   SFR29          

        CLASS   SFR30          

        CLASS   SFR31          

        CLASS   CONFIG         
                config                             8007     8007        2         0

        CLASS   IDLOC          

        CLASS   BANK31         

        CLASS   BANK30         

        CLASS   BANK29         

        CLASS   BANK28         

        CLASS   BANK27         

        CLASS   BANK26         

        CLASS   BANK25         

        CLASS   BANK24         

        CLASS   BANK23         

        CLASS   BANK22         

        CLASS   BANK21         

        CLASS   BANK20         

        CLASS   BANK19         

        CLASS   BANK18         

        CLASS   BANK17         

        CLASS   BANK16         

        CLASS   BANK15         

        CLASS   BANK14         

        CLASS   BANK13         

        CLASS   BANK12         

        CLASS   BANK11         

        CLASS   BANK10         

        CLASS   BANK9          

        CLASS   BANK8          

        CLASS   BANK7          

        CLASS   BANK6          

        CLASS   BANK5          

        CLASS   BANK4          

        CLASS   BANK3          

        CLASS   EEDATA         



SEGMENTS        Name                           Load    Length   Top    Selector   Space  Class     Delta

                reset_vec                      000000  000003  000003         0       0  CODE        2
                intentry                       000004  0007F1  0007F5         8       0  CODE        2
                bssBANK0                       000020  000047  000067        20       1  BANK0       1
                cstackCOMMON                   000070  00000E  00007E        70       1  COMMON      1
                bssBANK1                       0000A0  000047  0000E7        A0       1  BANK1       1
                stringtext                     0007F5  00000A  0007FF       FEA       0  STRCODE     2
                swtext1                        000800  00000A  00080A      1000       0  CONST       2
                text1                          000D19  000003  000D1C      1A32       0  CODE        2
                text29                         000D1C  000006  000D22      1A38       0  CODE        2
                text28                         000D22  000006  000D28      1A44       0  CODE        2
                text9                          000D28  000006  000D2E      1A50       0  CODE        2
                text7                          000D2E  000006  000D34      1A5C       0  CODE        2
                text6                          000D34  000006  000D3A      1A68       0  CODE        2
                text5                          000D3A  000006  000D40      1A74       0  CODE        2
                text4                          000D40  000006  000D46      1A80       0  CODE        2
                clrtext                        000D46  000006  000D4C      1A8C       0  CODE        2
                inittext                       000D4C  000006  000D52      1A98       0  CODE        2
                text11                         000D52  000008  000D5A      1AA4       0  CODE        2
                text3                          000D5A  00000A  000D64      1AB4       0  CODE        2
                text48                         000D64  00000C  000D70      1AC8       0  CODE        2
                text34                         000D70  00000C  000D7C      1AE0       0  CODE        2
                text17                         000D7C  00000C  000D88      1AF8       0  CODE        2
                idataBANK0                     000D88  00000C  000D94      1B10       0  CODE        2
                text47                         000D94  00000E  000DA2      1B28       0  CODE        2
                text16                         000DA2  00000E  000DB0      1B44       0  CODE        2
                text42                         000DB0  00000F  000DBF      1B60       0  CODE        2
                text41                         000DBF  00000F  000DCE      1B7E       0  CODE        2
                text12                         000DCE  00000F  000DDD      1B9C       0  CODE        2
                text27                         000DDD  000010  000DED      1BBA       0  CODE        2
                text50                         000DED  000013  000E00      1BDA       0  CODE        2
                text49                         000E00  000014  000E14      1C00       0  CODE        2
                text19                         000E14  000014  000E28      1C28       0  CODE        2
                text35                         000E28  000015  000E3D      1C50       0  CODE        2
                text10                         000E3D  000016  000E53      1C7A       0  CODE        2
                text18                         000E53  000017  000E6A      1CA6       0  CODE        2
                text8                          000E6A  000018  000E82      1CD4       0  CODE        2
                text26                         000E82  00001A  000E9C      1D04       0  CODE        2
                text51                         000E9C  00001B  000EB7      1D38       0  CODE        2
                text40                         000EB7  00001B  000ED2      1D6E       0  CODE        2
                text2                          000ED2  00001B  000EED      1DA4       0  CODE        2
                text58                         000EED  00001C  000F09      1DDA       0  CODE        2
                text31                         000F09  00001C  000F25      1E12       0  CODE        2
                text59                         000F25  00001D  000F42      1E4A       0  CODE        2
                text20                         000F42  00001E  000F60      1E84       0  CODE        2
                text14                         000F60  000020  000F80      1EC0       0  CODE        2
                config                         008007  000002  008009     1000E       0  CONFIG      2


UNUSED ADDRESS RANGES

        Name                Unused          Largest block    Delta
        BANK0            00067-0006F               9           1
        BANK1            000E7-000EF               9           1
        BANK2            00120-0016F              50           1
        BIGRAM           02000-020EF              F0           1
        CODE             00003-00003               1           2
                         007FF-007FF               1
                         0080A-00D18             50F
        CONST            00003-00003               1           2
                         007FF-007FF               1
                         0080A-00D18             100
        ENTRY            00003-00003               1           2
                         007FF-007FF               1
                         0080A-00D18             100
        IDLOC            08000-08003               4           2
        RAM              00067-0006F               9           1
                         000E7-000EF               9
                         00120-0016F              50
        SFR0             00000-0001F              20           1
        SFR1             00080-0009F              20           1
        SFR10            00500-0056F              70           1
        SFR11            00580-005EF              70           1
        SFR12            00600-0066F              70           1
        SFR13            00680-006EF              70           1
        SFR14            00700-0076F              70           1
        SFR15            00780-007EF              70           1
        SFR16            00800-0086F              70           1
        SFR17            00880-008EF              70           1
        SFR18            00900-0096F              70           1
        SFR19            00980-009EF              70           1
        SFR2             00100-0011F              20           1
        SFR20            00A00-00A6F              70           1
        SFR21            00A80-00AEF              70           1
        SFR22            00B00-00B6F              70           1
        SFR23            00B80-00BEF              70           1
        SFR24            00C00-00C6F              70           1
        SFR25            00C80-00CEF              70           1
        SFR26            00D00-00D6F              70           1
        SFR27            00D80-00DEF              70           1
        SFR28            00E00-00E6F              70           1
        SFR29            00E80-00EEF              70           1
        SFR3             00180-001EF              70           1
        SFR30            00F00-00F6F              70           1
        SFR31            00F80-00FEF              70           1
        SFR4             00200-0026F              70           1
        SFR5             00280-002EF              70           1
        SFR6             00300-0036F              70           1
        SFR7             00380-003EF              70           1
        SFR8             00400-0046F              70           1
        SFR9             00480-004EF              70           1
        STACK            02097-020EF              59           1
        STRCODE          00003-00003               1           2
                         007FF-007FF               1
                         0080A-00D18             50F
        STRING           00003-00003               1           2
                         007FF-007FF               1
                         0080A-00D18             100

                                  Symbol Table

?_ADC_Conversion                    cstackBANK0  00053
?___wmul                            cstackBANK0  00053
?i1_ADC_Conversion                  cstackCOMMON 00070
?i1___wmul                          cstackCOMMON 00070
ADC_Conversion@chn                  cstackBANK0  00056
Audio_GetValue@cnt                  bssBANK0     00029
Audio_GetValue@max                  bssBANK0     0002B
Audio_GetValue@min                  bssBANK0     0002D
Audio_GetValue@value                cstackBANK0  00059
Audio_SelectSound@checksum          cstackCOMMON 00074
Audio_SelectSound@index             cstackCOMMON 00073
Audio_SetPlayMode@checksum          cstackBANK0  00057
Audio_SetPlayMode@type              cstackBANK0  00056
Audio_SetVolume@checksum            cstackBANK0  00057
Audio_SetVolume@vol                 cstackBANK0  00056
Audio_StopSound@checksum            cstackBANK0  00056
EUSART_Write@byte                   cstackBANK0  00054
FLASH_EraseBlock@addr               cstackBANK0  00053
FLASH_EraseBlock@state              cstackBANK0  00055
FLASH_ReadBuffer@addr               cstackBANK0  00056
FLASH_ReadBuffer@buf                cstackBANK1  000E0
FLASH_ReadBuffer@i                  cstackBANK1  000E1
FLASH_ReadBuffer@size               cstackBANK0  00058
FLASH_ReadByte@addr                 cstackBANK0  00053
FLASH_ReadByte@state                cstackBANK0  00055
FLASH_WriteBlock@addr               cstackBANK0  00056
FLASH_WriteBlock@buf                cstackBANK0  00058
FLASH_WriteBlock@i                  cstackBANK1  000E6
FLASH_WriteBlock@start_addr         cstackBANK1  000E3
FLASH_WriteBlock@state              cstackBANK1  000E5
Key_Read@value                      cstackCOMMON 00074
Key_Scan@idleCount                  bssBANK0     0002F
Key_Scan@keyNum                     cstackBANK0  0004B
Key_Scan@lastKey                    bssBANK0     00043
Key_Scan@rptCount                   bssBANK0     00044
Key_SetActionHandler@handler        cstackBANK0  00053
Led_DynamicCloud@F4456              dataBANK0    0005B
Led_DynamicCloud@duty               cstackBANK0  0004C
Led_DynamicCloud@i                  cstackBANK0  00050
Led_DynamicCloud@ptp                cstackCOMMON 00076
Led_DynamicCloud@val                cstackBANK0  0004A
Led_DynamicStorm@F4467              dataBANK0    0005F
Led_DynamicStorm@duty               cstackBANK0  0004A
Led_DynamicStorm@i                  cstackBANK0  00050
Led_DynamicStorm@ptp                cstackCOMMON 00076
Led_DynamicStorm@val                cstackBANK0  0004E
Led_OnKeyPressed@key                cstackCOMMON 00079
Led_Ramp@i                          cstackCOMMON 0007A
Led_Run@cnt                         bssBANK0     00045
Led_TurnOffRamp@i                   cstackBANK0  00054
Led_TurnOnAllRamp@i                 cstackBANK0  00054
PWM1_LoadDutyValue@dutyValue        cstackCOMMON 00070
PWM3_LoadDutyValue@dutyValue        cstackCOMMON 00070
TMR2_SetInterruptHandler@handler    cstackBANK0  00053
Util_DecValue@delta                 cstackCOMMON 00072
Util_DecValue@min                   cstackCOMMON 00070
Util_DecValue@pSrc                  cstackCOMMON 00078
Util_IncValue@delta                 cstackCOMMON 00072
Util_IncValue@max                   cstackCOMMON 00070
Util_IncValue@pSrc                  cstackCOMMON 00078
_ADCON0                             (abs)        0009D
_ADCON0bits                         (abs)        0009D
_ADCON1                             (abs)        0009E
_ADCON2                             (abs)        0009F
_ADC_Conversion                     text32       007D3
_ADC_Initialize_Default             text11       00D52
_ADRES                              (abs)        0009B
_ANSELA                             (abs)        0018C
_ANSELB                             (abs)        0018D
_ANSELC                             (abs)        0018E
_Audio_GetValue                     text30       0030E
_Audio_SelectSound                  text43       0062F
_Audio_SetPlayMode                  text22       006D0
_Audio_SetVolume                    text21       006A9
_Audio_StopSound                    text20       00F42
_BAUDCON                            (abs)        0019F
_CFGS                               (abs)        00CAE
_EUSART_Initialize_Default          text10       00E3D
_EUSART_Transmit_ISR                text59       00F25
_EUSART_Write                       text23       0071D
_FLASH_EraseBlock                   text14       00F60
_FLASH_ReadBuffer                   text25       00743
_FLASH_ReadByte                     text26       00E82
_FLASH_WriteBlock                   text13       003F0
_FREE                               (abs)        00CAC
_GAIN                               stringtext   007F5
_GIE                                (abs)        0005F
_INTCONbits                         (abs)        0000B
_ISR                                intentry     00004
_Interrupt_Initialize               text27       00DDD
_Key_Read                           text57       0059C
_Key_Scan                           text44       0045D
_Key_SetActionHandler               text29       00D1C
_LATA                               (abs)        0010C
_LATB                               (abs)        0010D
_LATC                               (abs)        0010E
_LWLO                               (abs)        00CAD
_Led_DynamicCloud                   text39       00202
_Led_DynamicStorm                   text38       0016A
_Led_InitPara                       text24       004CA
_Led_Initialize                     text15       00382
_Led_Initialize$595                 cstackBANK1  000E0
_Led_OnKeyPressed                   text45       00041
_Led_OnKeyPressed$609               cstackCOMMON 0007C
_Led_Ramp                           text37       00296
_Led_Run                            text35       00E28
_Led_RunMusic                       text36       005EF
_Led_SaveParaIfChanged              text12       00DCE
_Led_TurnOffRamp                    text19       00E14
_Led_TurnOnAllRamp                  text18       00E53
_Led_TurnOnBlueRamp                 text17       00D7C
_Led_TurnOnWhiteRamp                text16       00DA2
_OPTION_REG                         (abs)        00095
_OPTION_REGbits                     (abs)        00095
_OSCCON                             (abs)        00099
_OSCSTATbits                        (abs)        0009A
_OSC_Initialize_Default             text9        00D28
_PIE1bits                           (abs)        00091
_PIN_Initialize                     text8        00E6A
_PIR1bits                           (abs)        00011
_PMADR                              (abs)        00191
_PMCON2                             (abs)        00196
_PMDAT                              (abs)        00193
_PMDATL                             (abs)        00193
_PR2                                (abs)        0001B
_PWM1CON                            (abs)        00613
_PWM1DC                             (abs)        00611
_PWM1_Initialize                    text7        00D2E
_PWM1_LoadDutyValue                 text41       00DBF
_PWM2CON                            (abs)        00616
_PWM2DC                             (abs)        00614
_PWM2_Initialize                    text6        00D34
_PWM3CON                            (abs)        00619
_PWM3DC                             (abs)        00617
_PWM3_Initialize                    text5        00D3A
_PWM3_LoadDutyValue                 text42       00DB0
_PWM4CON                            (abs)        0061C
_PWM4DC                             (abs)        0061A
_PWM4_Initialize                    text4        00D40
_RCREG                              (abs)        00199
_RCSTA                              (abs)        0019D
_RD                                 (abs)        00CA8
_SPBRG                              (abs)        0019B
_SYSTEM_Initialize                  text2        00ED2
_T1CON                              (abs)        00018
_T1CONbits                          (abs)        00018
_T2CON                              (abs)        0001C
_T2CONbits                          (abs)        0001C
_TMR0                               (abs)        00015
_TMR1                               (abs)        00016
_TMR2                               (abs)        0001A
_TMR2_ISR                           text34       00D70
_TMR2_Initialize_Default            text3        00D5A
_TMR2_SetInterruptHandler           text28       00D22
_TMR2_StartTimer                    text1        00D19
_TRISA                              (abs)        0008C
_TRISB                              (abs)        0008D
_TRISC                              (abs)        0008E
_TXREG                              (abs)        0019A
_TXSTA                              (abs)        0019E
_Util_DecValue                      text56       00681
_Util_IncValue                      text55       00659
_VOLUME                             stringtext   007FA
_WPUA                               (abs)        0020C
_WPUB                               (abs)        0020D
_WR                                 (abs)        00CA9
_WREN                               (abs)        00CAA
__CFG_BOREN$OFF                     (abs)        00000
__CFG_BORV$LO                       (abs)        00000
__CFG_CLKOUTEN$OFF                  (abs)        00000
__CFG_CP$OFF                        (abs)        00000
__CFG_FCMEN$OFF                     (abs)        00000
__CFG_FOSC$INTOSC                   (abs)        00000
__CFG_IESO$OFF                      (abs)        00000
__CFG_LPBOR$ON                      (abs)        00000
__CFG_LVP$ON                        (abs)        00000
__CFG_MCLRE$ON                      (abs)        00000
__CFG_PWRTE$ON                      (abs)        00000
__CFG_STVREN$ON                     (abs)        00000
__CFG_WDTE$ON                       (abs)        00000
__CFG_WRT$OFF                       (abs)        00000
__Habs1                             abs1         00000
__Hbank0                            bank0        00000
__Hbank1                            bank1        00000
__Hbank10                           bank10       00000
__Hbank11                           bank11       00000
__Hbank12                           bank12       00000
__Hbank13                           bank13       00000
__Hbank14                           bank14       00000
__Hbank15                           bank15       00000
__Hbank16                           bank16       00000
__Hbank17                           bank17       00000
__Hbank18                           bank18       00000
__Hbank19                           bank19       00000
__Hbank2                            bank2        00000
__Hbank20                           bank20       00000
__Hbank21                           bank21       00000
__Hbank22                           bank22       00000
__Hbank23                           bank23       00000
__Hbank24                           bank24       00000
__Hbank25                           bank25       00000
__Hbank26                           bank26       00000
__Hbank27                           bank27       00000
__Hbank28                           bank28       00000
__Hbank29                           bank29       00000
__Hbank3                            bank3        00000
__Hbank30                           bank30       00000
__Hbank31                           bank31       00000
__Hbank4                            bank4        00000
__Hbank5                            bank5        00000
__Hbank6                            bank6        00000
__Hbank7                            bank7        00000
__Hbank8                            bank8        00000
__Hbank9                            bank9        00000
__Hbigram                           bigram       00000
__HbssBANK0                         bssBANK0     00000
__HbssBANK1                         bssBANK1     00000
__Hcinit                            cinit        00041
__Hclrtext                          clrtext      00000
__Hcode                             code         00000
__Hcommon                           common       00000
__Hconfig                           config       08009
__HcstackBANK0                      cstackBANK0  00000
__HcstackBANK1                      cstackBANK1  00000
__HcstackCOMMON                     cstackCOMMON 00000
__HdataBANK0                        dataBANK0    00000
__Heeprom_data                      eeprom_data  00000
__Hend_init                         end_init     00022
__Hfunctab                          functab      00000
__HidataBANK0                       idataBANK0   00000
__Hidloc                            idloc        00000
__Hinit                             init         00020
__Hinittext                         inittext     00000
__Hintentry                         intentry     00020
__Hmaintext                         maintext     00000
__Hpowerup                          powerup      00000
__Hram                              ram          00000
__Hreset_vec                        reset_vec    00003
__Hsfr0                             sfr0         00000
__Hsfr1                             sfr1         00000
__Hsfr10                            sfr10        00000
__Hsfr11                            sfr11        00000
__Hsfr12                            sfr12        00000
__Hsfr13                            sfr13        00000
__Hsfr14                            sfr14        00000
__Hsfr15                            sfr15        00000
__Hsfr16                            sfr16        00000
__Hsfr17                            sfr17        00000
__Hsfr18                            sfr18        00000
__Hsfr19                            sfr19        00000
__Hsfr2                             sfr2         00000
__Hsfr20                            sfr20        00000
__Hsfr21                            sfr21        00000
__Hsfr22                            sfr22        00000
__Hsfr23                            sfr23        00000
__Hsfr24                            sfr24        00000
__Hsfr25                            sfr25        00000
__Hsfr26                            sfr26        00000
__Hsfr27                            sfr27        00000
__Hsfr28                            sfr28        00000
__Hsfr29                            sfr29        00000
__Hsfr3                             sfr3         00000
__Hsfr30                            sfr30        00000
__Hsfr31                            sfr31        00000
__Hsfr4                             sfr4         00000
__Hsfr5                             sfr5         00000
__Hsfr6                             sfr6         00000
__Hsfr7                             sfr7         00000
__Hsfr8                             sfr8         00000
__Hsfr9                             sfr9         00000
__Hspace_0                          (abs)        08009
__Hspace_1                          (abs)        000E7
__Hspace_2                          (abs)        00000
__Hspace_3                          (abs)        00000
__Hstack                            stack        00000
__Hstrings                          strings      00000
__Hstringtext                       stringtext   00000
__Htext                             text         00000
__Labs1                             abs1         00000
__Lbank0                            bank0        00000
__Lbank1                            bank1        00000
__Lbank10                           bank10       00000
__Lbank11                           bank11       00000
__Lbank12                           bank12       00000
__Lbank13                           bank13       00000
__Lbank14                           bank14       00000
__Lbank15                           bank15       00000
__Lbank16                           bank16       00000
__Lbank17                           bank17       00000
__Lbank18                           bank18       00000
__Lbank19                           bank19       00000
__Lbank2                            bank2        00000
__Lbank20                           bank20       00000
__Lbank21                           bank21       00000
__Lbank22                           bank22       00000
__Lbank23                           bank23       00000
__Lbank24                           bank24       00000
__Lbank25                           bank25       00000
__Lbank26                           bank26       00000
__Lbank27                           bank27       00000
__Lbank28                           bank28       00000
__Lbank29                           bank29       00000
__Lbank3                            bank3        00000
__Lbank30                           bank30       00000
__Lbank31                           bank31       00000
__Lbank4                            bank4        00000
__Lbank5                            bank5        00000
__Lbank6                            bank6        00000
__Lbank7                            bank7        00000
__Lbank8                            bank8        00000
__Lbank9                            bank9        00000
__Lbigram                           bigram       00000
__LbssBANK0                         bssBANK0     00000
__LbssBANK1                         bssBANK1     00000
__Lcinit                            cinit        00022
__Lclrtext                          clrtext      00000
__Lcode                             code         00000
__Lcommon                           common       00000
__Lconfig                           config       08007
__LcstackBANK0                      cstackBANK0  00000
__LcstackBANK1                      cstackBANK1  00000
__LcstackCOMMON                     cstackCOMMON 00000
__LdataBANK0                        dataBANK0    00000
__Leeprom_data                      eeprom_data  00000
__Lend_init                         end_init     00020
__Lfunctab                          functab      00000
__LidataBANK0                       idataBANK0   00000
__Lidloc                            idloc        00000
__Linit                             init         00020
__Linittext                         inittext     00000
__Lintentry                         intentry     00004
__Lmaintext                         maintext     00000
__Lpowerup                          powerup      00000
__Lram                              ram          00000
__Lreset_vec                        reset_vec    00000
__Lsfr0                             sfr0         00000
__Lsfr1                             sfr1         00000
__Lsfr10                            sfr10        00000
__Lsfr11                            sfr11        00000
__Lsfr12                            sfr12        00000
__Lsfr13                            sfr13        00000
__Lsfr14                            sfr14        00000
__Lsfr15                            sfr15        00000
__Lsfr16                            sfr16        00000
__Lsfr17                            sfr17        00000
__Lsfr18                            sfr18        00000
__Lsfr19                            sfr19        00000
__Lsfr2                             sfr2         00000
__Lsfr20                            sfr20        00000
__Lsfr21                            sfr21        00000
__Lsfr22                            sfr22        00000
__Lsfr23                            sfr23        00000
__Lsfr24                            sfr24        00000
__Lsfr25                            sfr25        00000
__Lsfr26                            sfr26        00000
__Lsfr27                            sfr27        00000
__Lsfr28                            sfr28        00000
__Lsfr29                            sfr29        00000
__Lsfr3                             sfr3         00000
__Lsfr30                            sfr30        00000
__Lsfr31                            sfr31        00000
__Lsfr4                             sfr4         00000
__Lsfr5                             sfr5         00000
__Lsfr6                             sfr6         00000
__Lsfr7                             sfr7         00000
__Lsfr8                             sfr8         00000
__Lsfr9                             sfr9         00000
__Lspace_0                          (abs)        00000
__Lspace_1                          (abs)        00000
__Lspace_2                          (abs)        00000
__Lspace_3                          (abs)        00000
__Lstack                            stack        00000
__Lstrings                          strings      00000
__Lstringtext                       stringtext   00000
__Ltext                             text         00000
__S0                                (abs)        08009
__S1                                (abs)        000E7
__S2                                (abs)        00000
___int_sp                           stack        00000
___latbits                          (abs)        00001
___sp                               stack        00000
___wmul                             text31       00F09
___wmul@multiplicand                cstackBANK0  00055
___wmul@multiplier                  cstackBANK0  00053
___wmul@product                     cstackBANK0  00057
__end_of_ADC_Conversion             text32       007F5
__end_of_ADC_Initialize_Default     text11       00D5A
__end_of_Audio_GetValue             text30       00382
__end_of_Audio_SelectSound          text43       00659
__end_of_Audio_SetPlayMode          text22       006F7
__end_of_Audio_SetVolume            text21       006D0
__end_of_Audio_StopSound            text20       00F60
__end_of_EUSART_Initialize_Default  text10       00E53
__end_of_EUSART_Transmit_ISR        text59       00F42
__end_of_EUSART_Write               text23       00743
__end_of_FLASH_EraseBlock           text14       00F80
__end_of_FLASH_ReadBuffer           text25       00769
__end_of_FLASH_ReadByte             text26       00E9C
__end_of_FLASH_WriteBlock           text13       0045D
__end_of_GAIN                       stringtext   007FA
__end_of_ISR                        intentry     00020
__end_of_Interrupt_Initialize       text27       00DED
__end_of_Key_Read                   text57       005EF
__end_of_Key_Scan                   text44       004CA
__end_of_Key_SetActionHandler       text29       00D22
__end_of_Led_DynamicCloud           text39       00296
__end_of_Led_DynamicStorm           text38       00202
__end_of_Led_InitPara               text24       00535
__end_of_Led_Initialize             text15       003F0
__end_of_Led_OnKeyPressed           text45       0016A
__end_of_Led_Ramp                   text37       0030E
__end_of_Led_Run                    text35       00E3D
__end_of_Led_RunMusic               text36       0062F
__end_of_Led_SaveParaIfChanged      text12       00DDD
__end_of_Led_TurnOffRamp            text19       00E28
__end_of_Led_TurnOnAllRamp          text18       00E6A
__end_of_Led_TurnOnBlueRamp         text17       00D88
__end_of_Led_TurnOnWhiteRamp        text16       00DB0
__end_of_OSC_Initialize_Default     text9        00D2E
__end_of_PIN_Initialize             text8        00E82
__end_of_PWM1_Initialize            text7        00D34
__end_of_PWM1_LoadDutyValue         text41       00DCE
__end_of_PWM2_Initialize            text6        00D3A
__end_of_PWM3_Initialize            text5        00D40
__end_of_PWM3_LoadDutyValue         text42       00DBF
__end_of_PWM4_Initialize            text4        00D46
__end_of_SYSTEM_Initialize          text2        00EED
__end_of_TMR2_ISR                   text34       00D7C
__end_of_TMR2_Initialize_Default    text3        00D64
__end_of_TMR2_SetInterruptHandler   text28       00D28
__end_of_TMR2_StartTimer            text1        00D1C
__end_of_Util_DecValue              text56       006A9
__end_of_Util_IncValue              text55       00681
__end_of_VOLUME                     stringtext   007FF
__end_of___wmul                     text31       00F25
__end_of__initialization            cinit        0003D
__end_of_main                       maintext     0071D
__end_ofi1_ADC_Conversion           text58       00F09
__end_ofi1_Audio_SetPlayMode        text53       007D3
__end_ofi1_Audio_SetVolume          text52       007B0
__end_ofi1_Audio_StopSound          text51       00EB7
__end_ofi1_EUSART_Write             text54       0078D
__end_ofi1_Led_Initialize           text46       0059C
__end_ofi1_Led_TurnOffRamp          text50       00E00
__end_ofi1_Led_TurnOnAllRamp        text49       00E14
__end_ofi1_Led_TurnOnBlueRamp       text48       00D70
__end_ofi1_Led_TurnOnWhiteRamp      text47       00DA2
__end_ofi1___wmul                   text40       00ED2
__initialization                    cinit        00022
__pbssBANK0                         bssBANK0     00020
__pbssBANK1                         bssBANK1     000A0
__pcstackBANK0                      cstackBANK0  0004A
__pcstackBANK1                      cstackBANK1  000E0
__pcstackCOMMON                     cstackCOMMON 00070
__pdataBANK0                        dataBANK0    0005B
__pidataBANK0                       idataBANK0   00D88
__pintentry                         intentry     00004
__pmaintext                         maintext     006F7
__pstringtext                       stringtext   007F5
__pswtext1                          swtext1      00800
__ptext1                            text1        00D19
__ptext10                           text10       00E3D
__ptext11                           text11       00D52
__ptext12                           text12       00DCE
__ptext13                           text13       003F0
__ptext14                           text14       00F60
__ptext15                           text15       00382
__ptext16                           text16       00DA2
__ptext17                           text17       00D7C
__ptext18                           text18       00E53
__ptext19                           text19       00E14
__ptext2                            text2        00ED2
__ptext20                           text20       00F42
__ptext21                           text21       006A9
__ptext22                           text22       006D0
__ptext23                           text23       0071D
__ptext24                           text24       004CA
__ptext25                           text25       00743
__ptext26                           text26       00E82
__ptext27                           text27       00DDD
__ptext28                           text28       00D22
__ptext29                           text29       00D1C
__ptext3                            text3        00D5A
__ptext30                           text30       0030E
__ptext31                           text31       00F09
__ptext32                           text32       007D3
__ptext34                           text34       00D70
__ptext35                           text35       00E28
__ptext36                           text36       005EF
__ptext37                           text37       00296
__ptext38                           text38       0016A
__ptext39                           text39       00202
__ptext4                            text4        00D40
__ptext40                           text40       00EB7
__ptext41                           text41       00DBF
__ptext42                           text42       00DB0
__ptext43                           text43       0062F
__ptext44                           text44       0045D
__ptext45                           text45       00041
__ptext46                           text46       00535
__ptext47                           text47       00D94
__ptext48                           text48       00D64
__ptext49                           text49       00E00
__ptext5                            text5        00D3A
__ptext50                           text50       00DED
__ptext51                           text51       00E9C
__ptext52                           text52       0078D
__ptext53                           text53       007B0
__ptext54                           text54       00769
__ptext55                           text55       00659
__ptext56                           text56       00681
__ptext57                           text57       0059C
__ptext58                           text58       00EED
__ptext59                           text59       00F25
__ptext6                            text6        00D34
__ptext7                            text7        00D2E
__ptext8                            text8        00E6A
__ptext9                            text9        00D28
__size_of_ADC_Conversion            (abs)        00000
__size_of_ADC_Initialize_Default    (abs)        00000
__size_of_Audio_GetValue            (abs)        00000
__size_of_Audio_SelectSound         (abs)        00000
__size_of_Audio_SetPlayMode         (abs)        00000
__size_of_Audio_SetVolume           (abs)        00000
__size_of_Audio_StopSound           (abs)        00000
__size_of_EUSART_Initialize_Default (abs)        00000
__size_of_EUSART_Transmit_ISR       (abs)        00000
__size_of_EUSART_Write              (abs)        00000
__size_of_FLASH_EraseBlock          (abs)        00000
__size_of_FLASH_ReadBuffer          (abs)        00000
__size_of_FLASH_ReadByte            (abs)        00000
__size_of_FLASH_WriteBlock          (abs)        00000
__size_of_ISR                       (abs)        00000
__size_of_Interrupt_Initialize      (abs)        00000
__size_of_Key_Read                  (abs)        00000
__size_of_Key_Scan                  (abs)        00000
__size_of_Key_SetActionHandler      (abs)        00000
__size_of_Led_DynamicCloud          (abs)        00000
__size_of_Led_DynamicStorm          (abs)        00000
__size_of_Led_InitPara              (abs)        00000
__size_of_Led_Initialize            (abs)        00000
__size_of_Led_OnKeyPressed          (abs)        00000
__size_of_Led_Ramp                  (abs)        00000
__size_of_Led_Run                   (abs)        00000
__size_of_Led_RunMusic              (abs)        00000
__size_of_Led_SaveParaIfChanged     (abs)        00000
__size_of_Led_TurnOffRamp           (abs)        00000
__size_of_Led_TurnOnAllRamp         (abs)        00000
__size_of_Led_TurnOnBlueRamp        (abs)        00000
__size_of_Led_TurnOnWhiteRamp       (abs)        00000
__size_of_OSC_Initialize_Default    (abs)        00000
__size_of_PIN_Initialize            (abs)        00000
__size_of_PWM1_Initialize           (abs)        00000
__size_of_PWM1_LoadDutyValue        (abs)        00000
__size_of_PWM2_Initialize           (abs)        00000
__size_of_PWM3_Initialize           (abs)        00000
__size_of_PWM3_LoadDutyValue        (abs)        00000
__size_of_PWM4_Initialize           (abs)        00000
__size_of_SYSTEM_Initialize         (abs)        00000
__size_of_TMR2_ISR                  (abs)        00000
__size_of_TMR2_Initialize_Default   (abs)        00000
__size_of_TMR2_SetInterruptHandler  (abs)        00000
__size_of_TMR2_StartTimer           (abs)        00000
__size_of_Util_DecValue             (abs)        00000
__size_of_Util_IncValue             (abs)        00000
__size_of___wmul                    (abs)        00000
__size_of_main                      (abs)        00000
__size_ofi1_ADC_Conversion          (abs)        00000
__size_ofi1_Audio_SetPlayMode       (abs)        00000
__size_ofi1_Audio_SetVolume         (abs)        00000
__size_ofi1_Audio_StopSound         (abs)        00000
__size_ofi1_EUSART_Write            (abs)        00000
__size_ofi1_Led_Initialize          (abs)        00000
__size_ofi1_Led_TurnOffRamp         (abs)        00000
__size_ofi1_Led_TurnOnAllRamp       (abs)        00000
__size_ofi1_Led_TurnOnBlueRamp      (abs)        00000
__size_ofi1_Led_TurnOnWhiteRamp     (abs)        00000
__size_ofi1___wmul                  (abs)        00000
_adc_result                         bssBANK0     00031
_audio_value                        bssBANK0     00033
_eusart_rcv_isr_handler             bssBANK0     00035
_gLedPara                           bssBANK1     000C0
_gLedRunPara                        bssBANK0     00020
_keyValue                           bssBANK0     00046
_key_idle_cb                        bssBANK0     00037
_key_press_cb                       bssBANK0     00039
_loadDuty                           dataBANK0    00063
_main                               maintext     006F7
_tmr0_isr_handler                   bssBANK0     0003B
_tmr1_gate_isr_handler              bssBANK0     0003D
_tmr1_isr_handler                   bssBANK0     0003F
_tmr2_isr_handler                   bssBANK0     00041
_txBuf                              bssBANK1     000A0
_txHead                             bssBANK0     00047
_txRemain                           bssBANK0     00048
_txTail                             bssBANK0     00049
btemp                               (abs)        0007E
clear_ram0                          clrtext      00D46
end_of_initialization               cinit        0003D
i1ADC_Conversion@chn                cstackCOMMON 00073
i1Audio_SetPlayMode@checksum        cstackCOMMON 00074
i1Audio_SetPlayMode@type            cstackCOMMON 00073
i1Audio_SetVolume@checksum          cstackCOMMON 00074
i1Audio_SetVolume@vol               cstackCOMMON 00073
i1Audio_StopSound@checksum          cstackCOMMON 00073
i1EUSART_Write@byte                 cstackCOMMON 00071
i1Led_TurnOffRamp@i                 cstackCOMMON 00071
i1Led_TurnOnAllRamp@i               cstackCOMMON 00071
i1_ADC_Conversion                   text58       00EED
i1_Audio_SetPlayMode                text53       007B0
i1_Audio_SetVolume                  text52       0078D
i1_Audio_StopSound                  text51       00E9C
i1_EUSART_Write                     text54       00769
i1_Led_Initialize                   text46       00535
i1_Led_Initialize$595               cstackCOMMON 00077
i1_Led_TurnOffRamp                  text50       00DED
i1_Led_TurnOnAllRamp                text49       00E00
i1_Led_TurnOnBlueRamp               text48       00D64
i1_Led_TurnOnWhiteRamp              text47       00D94
i1___wmul                           text40       00EB7
i1___wmul@multiplicand              cstackCOMMON 00072
i1___wmul@multiplier                cstackCOMMON 00070
i1___wmul@product                   cstackCOMMON 00074
init_ram                            inittext     00D4C
int$flags                           (abs)        0007E
intlevel0                           functab      00000
intlevel1                           functab      00000
intlevel2                           functab      00000
intlevel3                           functab      00000
intlevel4                           functab      00000
intlevel5                           functab      00000
reset_vec                           reset_vec    00000
stackhi                             (abs)        020EF
stacklo                             (abs)        02097
start                               init         00020
start_initialization                cinit        00022
wtemp0                              (abs)        0007E


FUNCTION INFORMATION:

 *************** function _main *****************
 Defined at:
		line 27 in file "user/src/main.c"
 Parameters:    Size  Location     Type
		None
 Auto vars:     Size  Location     Type
		None
 Return value:  Size  Location     Type
                  1    wreg      void 
 Registers used:
		wreg, fsr0l, fsr0h, fsr1l, fsr1h, status,2, status,0, pclath, cstack
 Tracked objects:
		On entry : 
		On exit  : 
		Unchanged: 
 Data sizes:     COMMON   BANK0   BANK1   BANK2
      Params:         0       0       0       0
      Locals:         0       0       0       0
      Temps:          0       0       0       0
      Totals:         0       0       0       0
Total ram usage:        0 bytes
 Hardware stack levels required when called:   11
 This function calls:
		_Audio_GetValue
		_Interrupt_Initialize
		_Led_InitPara
		_Led_Initialize
		_Led_SaveParaIfChanged
		_SYSTEM_Initialize
		_TMR2_StartTimer
 This function is called by:
		Startup code after reset
 This function uses a non-reentrant model


 *************** function _TMR2_StartTimer *****************
 Defined at:
		line 16 in file "driver/src/tmr2.c"
 Parameters:    Size  Location     Type
		None
 Auto vars:     Size  Location     Type
		None
 Return value:  Size  Location     Type
                  1    wreg      void 
 Registers used:
		None
 Tracked objects:
		On entry : 
		On exit  : 
		Unchanged: 
 Data sizes:     COMMON   BANK0   BANK1   BANK2
      Params:         0       0       0       0
      Locals:         0       0       0       0
      Temps:          0       0       0       0
      Totals:         0       0       0       0
Total ram usage:        0 bytes
 Hardware stack levels used:    1
 Hardware stack levels required when called:    8
 This function calls:
		Nothing
 This function is called by:
		_main
 This function uses a non-reentrant model


 *************** function _SYSTEM_Initialize *****************
 Defined at:
		line 73 in file "user/src/main.c"
 Parameters:    Size  Location     Type
		None
 Auto vars:     Size  Location     Type
		None
 Return value:  Size  Location     Type
                  1    wreg      void 
 Registers used:
		wreg, status,2, status,0, pclath, cstack
 Tracked objects:
		On entry : 
		On exit  : 
		Unchanged: 
 Data sizes:     COMMON   BANK0   BANK1   BANK2
      Params:         0       0       0       0
      Locals:         0       0       0       0
      Temps:          0       0       0       0
      Totals:         0       0       0       0
Total ram usage:        0 bytes
 Hardware stack levels used:    1
 Hardware stack levels required when called:    9
 This function calls:
		_ADC_Initialize_Default
		_EUSART_Initialize_Default
		_OSC_Initialize_Default
		_PIN_Initialize
		_PWM1_Initialize
		_PWM2_Initialize
		_PWM3_Initialize
		_PWM4_Initialize
		_TMR2_Initialize_Default
 This function is called by:
		_main
 This function uses a non-reentrant model


 *************** function _TMR2_Initialize_Default *****************
 Defined at:
		line 8 in file "driver/src/tmr2.c"
 Parameters:    Size  Location     Type
		None
 Auto vars:     Size  Location     Type
		None
 Return value:  Size  Location     Type
                  1    wreg      void 
 Registers used:
		wreg, status,2
 Tracked objects:
		On entry : 
		On exit  : 
		Unchanged: 
 Data sizes:     COMMON   BANK0   BANK1   BANK2
      Params:         0       0       0       0
      Locals:         0       0       0       0
      Temps:          0       0       0       0
      Totals:         0       0       0       0
Total ram usage:        0 bytes
 Hardware stack levels used:    1
 Hardware stack levels required when called:    8
 This function calls:
		Nothing
 This function is called by:
		_SYSTEM_Initialize
 This function uses a non-reentrant model


 *************** function _PWM4_Initialize *****************
 Defined at:
		line 41 in file "driver/src/pwm.c"
 Parameters:    Size  Location     Type
		None
 Auto vars:     Size  Location     Type
		None
 Return value:  Size  Location     Type
                  1    wreg      void 
 Registers used:
		wreg, status,2
 Tracked objects:
		On entry : 
		On exit  : 
		Unchanged: 
 Data sizes:     COMMON   BANK0   BANK1   BANK2
      Params:         0       0       0       0
      Locals:         0       0       0       0
      Temps:          0       0       0       0
      Totals:         0       0       0       0
Total ram usage:        0 bytes
 Hardware stack levels used:    1
 Hardware stack levels required when called:    8
 This function calls:
		Nothing
 This function is called by:
		_SYSTEM_Initialize
 This function uses a non-reentrant model


 *************** function _PWM3_Initialize *****************
 Defined at:
		line 30 in file "driver/src/pwm.c"
 Parameters:    Size  Location     Type
		None
 Auto vars:     Size  Location     Type
		None
 Return value:  Size  Location     Type
                  1    wreg      void 
 Registers used:
		wreg, status,2
 Tracked objects:
		On entry : 
		On exit  : 
		Unchanged: 
 Data sizes:     COMMON   BANK0   BANK1   BANK2
      Params:         0       0       0       0
      Locals:         0       0       0       0
      Temps:          0       0       0       0
      Totals:         0       0       0       0
Total ram usage:        0 bytes
 Hardware stack levels used:    1
 Hardware stack levels required when called:    8
 This function calls:
		Nothing
 This function is called by:
		_SYSTEM_Initialize
 This function uses a non-reentrant model


 *************** function _PWM2_Initialize *****************
 Defined at:
		line 19 in file "driver/src/pwm.c"
 Parameters:    Size  Location     Type
		None
 Auto vars:     Size  Location     Type
		None
 Return value:  Size  Location     Type
                  1    wreg      void 
 Registers used:
		wreg, status,2
 Tracked objects:
		On entry : 
		On exit  : 
		Unchanged: 
 Data sizes:     COMMON   BANK0   BANK1   BANK2
      Params:         0       0       0       0
      Locals:         0       0       0       0
      Temps:          0       0       0       0
      Totals:         0       0       0       0
Total ram usage:        0 bytes
 Hardware stack levels used:    1
 Hardware stack levels required when called:    8
 This function calls:
		Nothing
 This function is called by:
		_SYSTEM_Initialize
 This function uses a non-reentrant model


 *************** function _PWM1_Initialize *****************
 Defined at:
		line 8 in file "driver/src/pwm.c"
 Parameters:    Size  Location     Type
		None
 Auto vars:     Size  Location     Type
		None
 Return value:  Size  Location     Type
                  1    wreg      void 
 Registers used:
		wreg, status,2
 Tracked objects:
		On entry : 
		On exit  : 
		Unchanged: 
 Data sizes:     COMMON   BANK0   BANK1   BANK2
      Params:         0       0       0       0
      Locals:         0       0       0       0
      Temps:          0       0       0       0
      Totals:         0       0       0       0
Total ram usage:        0 bytes
 Hardware stack levels used:    1
 Hardware stack levels required when called:    8
 This function calls:
		Nothing
 This function is called by:
		_SYSTEM_Initialize
 This function uses a non-reentrant model


 *************** function _PIN_Initialize *****************
 Defined at:
		line 54 in file "user/src/main.c"
 Parameters:    Size  Location     Type
		None
 Auto vars:     Size  Location     Type
		None
 Return value:  Size  Location     Type
                  1    wreg      void 
 Registers used:
		wreg, status,2
 Tracked objects:
		On entry : 
		On exit  : 
		Unchanged: 
 Data sizes:     COMMON   BANK0   BANK1   BANK2
      Params:         0       0       0       0
      Locals:         0       0       0       0
      Temps:          0       0       0       0
      Totals:         0       0       0       0
Total ram usage:        0 bytes
 Hardware stack levels used:    1
 Hardware stack levels required when called:    8
 This function calls:
		Nothing
 This function is called by:
		_SYSTEM_Initialize
 This function uses a non-reentrant model


 *************** function _OSC_Initialize_Default *****************
 Defined at:
		line 6 in file "driver/src/osc.c"
 Parameters:    Size  Location     Type
		None
 Auto vars:     Size  Location     Type
		None
 Return value:  Size  Location     Type
                  1    wreg      void 
 Registers used:
		wreg
 Tracked objects:
		On entry : 
		On exit  : 
		Unchanged: 
 Data sizes:     COMMON   BANK0   BANK1   BANK2
      Params:         0       0       0       0
      Locals:         0       0       0       0
      Temps:          0       0       0       0
      Totals:         0       0       0       0
Total ram usage:        0 bytes
 Hardware stack levels used:    1
 Hardware stack levels required when called:    8
 This function calls:
		Nothing
 This function is called by:
		_SYSTEM_Initialize
 This function uses a non-reentrant model


 *************** function _EUSART_Initialize_Default *****************
 Defined at:
		line 20 in file "driver/src/eusart.c"
 Parameters:    Size  Location     Type
		None
 Auto vars:     Size  Location     Type
		None
 Return value:  Size  Location     Type
                  1    wreg      void 
 Registers used:
		wreg, status,2
 Tracked objects:
		On entry : 
		On exit  : 
		Unchanged: 
 Data sizes:     COMMON   BANK0   BANK1   BANK2
      Params:         0       0       0       0
      Locals:         0       0       0       0
      Temps:          0       1       0       0
      Totals:         0       1       0       0
Total ram usage:        1 bytes
 Hardware stack levels used:    1
 Hardware stack levels required when called:    8
 This function calls:
		Nothing
 This function is called by:
		_SYSTEM_Initialize
 This function uses a non-reentrant model


 *************** function _ADC_Initialize_Default *****************
 Defined at:
		line 14 in file "driver/src/adc.c"
 Parameters:    Size  Location     Type
		None
 Auto vars:     Size  Location     Type
		None
 Return value:  Size  Location     Type
                  1    wreg      void 
 Registers used:
		wreg, status,2
 Tracked objects:
		On entry : 
		On exit  : 
		Unchanged: 
 Data sizes:     COMMON   BANK0   BANK1   BANK2
      Params:         0       0       0       0
      Locals:         0       0       0       0
      Temps:          0       0       0       0
      Totals:         0       0       0       0
Total ram usage:        0 bytes
 Hardware stack levels used:    1
 Hardware stack levels required when called:    8
 This function calls:
		Nothing
 This function is called by:
		_SYSTEM_Initialize
 This function uses a non-reentrant model


 *************** function _Led_SaveParaIfChanged *****************
 Defined at:
		line 76 in file "user/src/led.c"
 Parameters:    Size  Location     Type
		None
 Auto vars:     Size  Location     Type
		None
 Return value:  Size  Location     Type
                  1    wreg      void 
 Registers used:
		wreg, fsr1l, fsr1h, status,2, status,0, pclath, cstack
 Tracked objects:
		On entry : 
		On exit  : 
		Unchanged: 
 Data sizes:     COMMON   BANK0   BANK1   BANK2
      Params:         0       0       0       0
      Locals:         0       0       0       0
      Temps:          0       1       0       0
      Totals:         0       1       0       0
Total ram usage:        1 bytes
 Hardware stack levels used:    1
 Hardware stack levels required when called:   10
 This function calls:
		_FLASH_WriteBlock
 This function is called by:
		_main
 This function uses a non-reentrant model


 *************** function _FLASH_WriteBlock *****************
 Defined at:
		line 35 in file "driver/src/flash.c"
 Parameters:    Size  Location     Type
  addr            2   12[BANK0 ] unsigned int 
  buf             1   14[BANK0 ] PTR unsigned char 
		 -> gLedPara(32), 
 Auto vars:     Size  Location     Type
  start_addr      2    3[BANK1 ] unsigned int 
  i               1    6[BANK1 ] unsigned char 
  state           1    5[BANK1 ] unsigned char 
 Return value:  Size  Location     Type
                  1    wreg      unsigned char 
 Registers used:
		wreg, fsr1l, fsr1h, status,2, status,0, pclath, cstack
 Tracked objects:
		On entry : 
		On exit  : 
		Unchanged: 
 Data sizes:     COMMON   BANK0   BANK1   BANK2
      Params:         0       3       0       0
      Locals:         0       0       4       0
      Temps:          0       0       3       0
      Totals:         0       3       7       0
Total ram usage:       10 bytes
 Hardware stack levels used:    1
 Hardware stack levels required when called:    9
 This function calls:
		_FLASH_EraseBlock
 This function is called by:
		_Led_SaveParaIfChanged
		_FLASH_WriteByte
 This function uses a non-reentrant model


 *************** function _FLASH_EraseBlock *****************
 Defined at:
		line 3 in file "driver/src/flash.c"
 Parameters:    Size  Location     Type
  addr            2    9[BANK0 ] unsigned int 
 Auto vars:     Size  Location     Type
  state           1   11[BANK0 ] unsigned char 
 Return value:  Size  Location     Type
                  1    wreg      void 
 Registers used:
		wreg, status,2
 Tracked objects:
		On entry : 
		On exit  : 
		Unchanged: 
 Data sizes:     COMMON   BANK0   BANK1   BANK2
      Params:         0       2       0       0
      Locals:         0       1       0       0
      Temps:          0       0       0       0
      Totals:         0       3       0       0
Total ram usage:        3 bytes
 Hardware stack levels used:    1
 Hardware stack levels required when called:    8
 This function calls:
		Nothing
 This function is called by:
		_FLASH_WriteBlock
 This function uses a non-reentrant model


 *************** function _Led_Initialize *****************
 Defined at:
		line 48 in file "user/src/led.c"
 Parameters:    Size  Location     Type
		None
 Auto vars:     Size  Location     Type
		None
 Return value:  Size  Location     Type
                  1    wreg      void 
 Registers used:
		wreg, fsr0l, fsr0h, fsr1l, fsr1h, status,2, status,0, pclath, cstack
 Tracked objects:
		On entry : 
		On exit  : 
		Unchanged: 
 Data sizes:     COMMON   BANK0   BANK1   BANK2
      Params:         0       0       0       0
      Locals:         0       0       2       0
      Temps:          0       2       0       0
      Totals:         0       2       2       0
Total ram usage:        4 bytes
 Hardware stack levels used:    1
 Hardware stack levels required when called:   10
 This function calls:
		_Audio_SetPlayMode
		_Audio_SetVolume
		_Audio_StopSound
		_Led_TurnOffRamp
		_Led_TurnOnAllRamp
		_Led_TurnOnBlueRamp
		_Led_TurnOnWhiteRamp
 This function is called by:
		_main
 This function uses a non-reentrant model


 *************** function _Led_TurnOnWhiteRamp *****************
 Defined at:
		line 96 in file "user/src/led.c"
 Parameters:    Size  Location     Type
		None
 Auto vars:     Size  Location     Type
		None
 Return value:  Size  Location     Type
                  1    wreg      void 
 Registers used:
		wreg, status,2
 Tracked objects:
		On entry : 
		On exit  : 
		Unchanged: 
 Data sizes:     COMMON   BANK0   BANK1   BANK2
      Params:         0       0       0       0
      Locals:         0       0       0       0
      Temps:          0       0       0       0
      Totals:         0       0       0       0
Total ram usage:        0 bytes
 Hardware stack levels used:    1
 Hardware stack levels required when called:    8
 This function calls:
		Nothing
 This function is called by:
		_Led_Initialize
 This function uses a non-reentrant model


 *************** function _Led_TurnOnBlueRamp *****************
 Defined at:
		line 102 in file "user/src/led.c"
 Parameters:    Size  Location     Type
		None
 Auto vars:     Size  Location     Type
		None
 Return value:  Size  Location     Type
                  1    wreg      void 
 Registers used:
		wreg, status,2
 Tracked objects:
		On entry : 
		On exit  : 
		Unchanged: 
 Data sizes:     COMMON   BANK0   BANK1   BANK2
      Params:         0       0       0       0
      Locals:         0       0       0       0
      Temps:          0       0       0       0
      Totals:         0       0       0       0
Total ram usage:        0 bytes
 Hardware stack levels used:    1
 Hardware stack levels required when called:    8
 This function calls:
		Nothing
 This function is called by:
		_Led_Initialize
 This function uses a non-reentrant model


 *************** function _Led_TurnOnAllRamp *****************
 Defined at:
		line 89 in file "user/src/led.c"
 Parameters:    Size  Location     Type
		None
 Auto vars:     Size  Location     Type
  i               1   10[BANK0 ] unsigned char 
 Return value:  Size  Location     Type
                  1    wreg      void 
 Registers used:
		wreg, fsr1l, fsr1h, status,2, status,0
 Tracked objects:
		On entry : 
		On exit  : 
		Unchanged: 
 Data sizes:     COMMON   BANK0   BANK1   BANK2
      Params:         0       0       0       0
      Locals:         0       1       0       0
      Temps:          0       1       0       0
      Totals:         0       2       0       0
Total ram usage:        2 bytes
 Hardware stack levels used:    1
 Hardware stack levels required when called:    8
 This function calls:
		Nothing
 This function is called by:
		_Led_Initialize
 This function uses a non-reentrant model


 *************** function _Led_TurnOffRamp *****************
 Defined at:
		line 108 in file "user/src/led.c"
 Parameters:    Size  Location     Type
		None
 Auto vars:     Size  Location     Type
  i               1   10[BANK0 ] unsigned char 
 Return value:  Size  Location     Type
                  1    wreg      void 
 Registers used:
		wreg, fsr1l, fsr1h, status,2, status,0
 Tracked objects:
		On entry : 
		On exit  : 
		Unchanged: 
 Data sizes:     COMMON   BANK0   BANK1   BANK2
      Params:         0       0       0       0
      Locals:         0       1       0       0
      Temps:          0       1       0       0
      Totals:         0       2       0       0
Total ram usage:        2 bytes
 Hardware stack levels used:    1
 Hardware stack levels required when called:    8
 This function calls:
		Nothing
 This function is called by:
		_Led_Initialize
 This function uses a non-reentrant model


 *************** function _Audio_StopSound *****************
 Defined at:
		line 15 in file "user/src/audio.c"
 Parameters:    Size  Location     Type
		None
 Auto vars:     Size  Location     Type
  checksum        1   12[BANK0 ] unsigned char 
 Return value:  Size  Location     Type
                  1    wreg      void 
[...]
Total ram usage:        3 bytes
 Hardware stack levels used:    1
 Hardware stack levels required when called:    1
 This function calls:
		i1_EUSART_Write
 This function is called by:
		_Led_RunMusic
 This function uses a non-reentrant model


 *************** function _Key_Scan *****************
 Defined at:
		line 24 in file "user/src/key.c"
 Parameters:    Size  Location     Type
		None
 Auto vars:     Size  Location     Type
  keyNum          1    1[BANK0 ] unsigned char 
 Return value:  Size  Location     Type
                  1    wreg      void 
 Registers used:
		wreg, fsr0l, fsr0h, fsr1l, fsr1h, status,2, status,0, pclath, cstack
 Tracked objects:
		On entry : 
		On exit  : 
		Unchanged: 
 Data sizes:     COMMON   BANK0   BANK1   BANK2
      Params:         0       0       0       0
      Locals:         0       1       0       0
      Temps:          0       1       0       0
      Totals:         0       2       0       0
Total ram usage:        2 bytes
 Hardware stack levels used:    1
 Hardware stack levels required when called:    4
 This function calls:
		Absolute function
		_Key_Read
		_Led_OnKeyPressed
 This function is called by:
		_Led_Run
 This function uses a non-reentrant model


 *************** function _Led_OnKeyPressed *****************
 Defined at:
		line 115 in file "user/src/led.c"
 Parameters:    Size  Location     Type
  key             1    9[COMMON] unsigned char 
 Auto vars:     Size  Location     Type
		None
 Return value:  Size  Location     Type
                  1    wreg      void 
 Registers used:
		wreg, fsr0l, fsr0h, fsr1l, fsr1h, status,2, status,0, pclath, cstack
 Tracked objects:
		On entry : 
		On exit  : 
		Unchanged: 
 Data sizes:     COMMON   BANK0   BANK1   BANK2
      Params:         1       0       0       0
      Locals:         2       0       0       0
      Temps:          2       0       0       0
      Totals:         5       0       0       0
Total ram usage:        5 bytes
 Hardware stack levels used:    1
 Hardware stack levels required when called:    3
 This function calls:
		_Util_DecValue
		_Util_IncValue
		i1_Audio_SetVolume
		i1_Audio_StopSound
		i1_Led_Initialize
		i1_Led_TurnOnAllRamp
		i1_Led_TurnOnBlueRamp
		i1_Led_TurnOnWhiteRamp
 This function is called by:
		_Interrupt_Initialize
		_Key_Scan
 This function uses a non-reentrant model


 *************** function i1_Led_Initialize *****************
 Defined at:
		line 48 in file "user/src/led.c"
 Parameters:    Size  Location     Type
		None
 Auto vars:     Size  Location     Type
		None
 Return value:  Size  Location     Type
                  1    wreg      void 
 Registers used:
		wreg, fsr0l, fsr0h, fsr1l, fsr1h, status,2, status,0, pclath, cstack
 Tracked objects:
		On entry : 
		On exit  : 
		Unchanged: 
 Data sizes:     COMMON   BANK0   BANK1   BANK2
      Params:         0       0       0       0
      Locals:         2       0       0       0
      Temps:          2       0       0       0
      Totals:         4       0       0       0
Total ram usage:        4 bytes
 Hardware stack levels used:    1
 Hardware stack levels required when called:    2
 This function calls:
		i1_Audio_SetPlayMode
		i1_Audio_SetVolume
		i1_Audio_StopSound
		i1_Led_TurnOffRamp
		i1_Led_TurnOnAllRamp
		i1_Led_TurnOnBlueRamp
		i1_Led_TurnOnWhiteRamp
 This function is called by:
		_Led_OnKeyPressed
 This function uses a non-reentrant model


 *************** function i1_Led_TurnOnWhiteRamp *****************
 Defined at:
		line 96 in file "user/src/led.c"
 Parameters:    Size  Location     Type
		None
 Auto vars:     Size  Location     Type
		None
 Return value:  Size  Location     Type
                  1    wreg      void 
 Registers used:
		wreg, status,2
 Tracked objects:
		On entry : 
		On exit  : 
		Unchanged: 
 Data sizes:     COMMON   BANK0   BANK1   BANK2
      Params:         0       0       0       0
      Locals:         0       0       0       0
      Temps:          0       0       0       0
      Totals:         0       0       0       0
Total ram usage:        0 bytes
 Hardware stack levels used:    1
 This function calls:
		Nothing
 This function is called by:
		_Led_OnKeyPressed
		i1_Led_Initialize
 This function uses a non-reentrant model


 *************** function i1_Led_TurnOnBlueRamp *****************
 Defined at:
		line 102 in file "user/src/led.c"
 Parameters:    Size  Location     Type
		None
 Auto vars:     Size  Location     Type
		None
 Return value:  Size  Location     Type
                  1    wreg      void 
 Registers used:
		wreg, status,2
 Tracked objects:
		On entry : 
		On exit  : 
		Unchanged: 
 Data sizes:     COMMON   BANK0   BANK1   BANK2
      Params:         0       0       0       0
      Locals:         0       0       0       0
      Temps:          0       0       0       0
      Totals:         0       0       0       0
Total ram usage:        0 bytes
 Hardware stack levels used:    1
 This function calls:
		Nothing
 This function is called by:
		_Led_OnKeyPressed
		i1_Led_Initialize
 This function uses a non-reentrant model


 *************** function i1_Led_TurnOnAllRamp *****************
 Defined at:
		line 89 in file "user/src/led.c"
 Parameters:    Size  Location     Type
		None
 Auto vars:     Size  Location     Type
  Led_TurnOnAl    1    1[COMMON] unsigned char 
 Return value:  Size  Location     Type
                  1    wreg      void 
 Registers used:
		wreg, fsr1l, fsr1h, status,2, status,0
 Tracked objects:
		On entry : 
		On exit  : 
		Unchanged: 
 Data sizes:     COMMON   BANK0   BANK1   BANK2
      Params:         0       0       0       0
      Locals:         1       0       0       0
      Temps:          1       0       0       0
      Totals:         2       0       0       0
Total ram usage:        2 bytes
 Hardware stack levels used:    1
 This function calls:
		Nothing
 This function is called by:
		_Led_OnKeyPressed
		i1_Led_Initialize
 This function uses a non-reentrant model


 *************** function i1_Led_TurnOffRamp *****************
 Defined at:
		line 108 in file "user/src/led.c"
 Parameters:    Size  Location     Type
		None
 Auto vars:     Size  Location     Type
  Led_TurnOffR    1    1[COMMON] unsigned char 
 Return value:  Size  Location     Type
                  1    wreg      void 
 Registers used:
		wreg, fsr1l, fsr1h, status,2, status,0
 Tracked objects:
		On entry : 
		On exit  : 
		Unchanged: 
 Data sizes:     COMMON   BANK0   BANK1   BANK2
      Params:         0       0       0       0
      Locals:         1       0       0       0
      Temps:          1       0       0       0
      Totals:         2       0       0       0
Total ram usage:        2 bytes
 Hardware stack levels used:    1
 This function calls:
		Nothing
 This function is called by:
		i1_Led_Initialize
 This function uses a non-reentrant model


 *************** function i1_Audio_StopSound *****************
 Defined at:
		line 15 in file "user/src/audio.c"
 Parameters:    Size  Location     Type
		None
 Auto vars:     Size  Location     Type
  Audio_StopSo    1    3[COMMON] unsigned char 
 Return value:  Size  Location     Type
                  1    wreg      void 
 Registers used:
		wreg, fsr1l, fsr1h, status,2, status,0, pclath, cstack
 Tracked objects:
		On entry : 
		On exit  : 
		Unchanged: 
 Data sizes:     COMMON   BANK0   BANK1   BANK2
      Params:         0       0       0       0
      Locals:         1       0       0       0
      Temps:          1       0       0       0
      Totals:         2       0       0       0
Total ram usage:        2 bytes
 Hardware stack levels used:    1
 Hardware stack levels required when called:    1
 This function calls:
		i1_EUSART_Write
 This function is called by:
		_Led_OnKeyPressed
		i1_Led_Initialize
 This function uses a non-reentrant model


 *************** function i1_Audio_SetVolume *****************
 Defined at:
		line 48 in file "user/src/audio.c"
 Parameters:    Size  Location     Type
  vol             1    wreg     unsigned char 
 Auto vars:     Size  Location     Type
  vol             1    3[COMMON] unsigned char 
  Audio_SetVol    1    4[COMMON] unsigned char 
 Return value:  Size  Location     Type
                  1    wreg      void 
 Registers used:
		wreg, fsr1l, fsr1h, status,2, status,0, pclath, cstack
 Tracked objects:
		On entry : 
		On exit  : 
		Unchanged: 
 Data sizes:     COMMON   BANK0   BANK1   BANK2
      Params:         0       0       0       0
      Locals:         2       0       0       0
      Temps:          1       0       0       0
      Totals:         3       0       0       0
Total ram usage:        3 bytes
 Hardware stack levels used:    1
 Hardware stack levels required when called:    1
 This function calls:
		i1_EUSART_Write
 This function is called by:
		_Led_OnKeyPressed
		i1_Led_Initialize
 This function uses a non-reentrant model


 *************** function i1_Audio_SetPlayMode *****************
 Defined at:
		line 37 in file "user/src/audio.c"
 Parameters:    Size  Location     Type
  type            1    wreg     unsigned char 
 Auto vars:     Size  Location     Type
  type            1    3[COMMON] unsigned char 
  Audio_SetPla    1    4[COMMON] unsigned char 
 Return value:  Size  Location     Type
                  1    wreg      void 
 Registers used:
		wreg, fsr1l, fsr1h, status,2, status,0, pclath, cstack
 Tracked objects:
		On entry : 
		On exit  : 
		Unchanged: 
 Data sizes:     COMMON   BANK0   BANK1   BANK2
      Params:         0       0       0       0
      Locals:         2       0       0       0
      Temps:          1       0       0       0
      Totals:         3       0       0       0
Total ram usage:        3 bytes
 Hardware stack levels used:    1
 Hardware stack levels required when called:    1
 This function calls:
		i1_EUSART_Write
 This function is called by:
		i1_Led_Initialize
 This function uses a non-reentrant model


 *************** function i1_EUSART_Write *****************
 Defined at:
		line 35 in file "driver/src/eusart.c"
 Parameters:    Size  Location     Type
  byte            1    wreg     unsigned char 
 Auto vars:     Size  Location     Type
  byte            1    1[COMMON] unsigned char 
 Return value:  Size  Location     Type
                  1    wreg      unsigned char 
 Registers used:
		wreg, fsr1l, fsr1h, status,2, status,0
 Tracked objects:
		On entry : 
		On exit  : 
		Unchanged: 
 Data sizes:     COMMON   BANK0   BANK1   BANK2
      Params:         0       0       0       0
      Locals:         1       0       0       0
      Temps:          1       0       0       0
      Totals:         2       0       0       0
Total ram usage:        2 bytes
 Hardware stack levels used:    1
 This function calls:
		Nothing
 This function is called by:
		_Audio_SelectSound
		i1_Audio_StopSound
		i1_Audio_SetPlayMode
		i1_Audio_SetVolume
 This function uses a non-reentrant model


 *************** function _Util_IncValue *****************
 Defined at:
		line 3 in file "user/src/util.c"
 Parameters:    Size  Location     Type
  pSrc            1    wreg     PTR unsigned int 
		 -> gLedPara.blue_bright(2), gLedPara.white_bright(2), gLedPara.all_bright(2), gLedPara(32), 
  max             2    0[COMMON] unsigned int 
  delta           2    2[COMMON] unsigned int 
 Auto vars:     Size  Location     Type
  pSrc            1    8[COMMON] PTR unsigned int 
		 -> gLedPara.blue_bright(2), gLedPara.white_bright(2), gLedPara.all_bright(2), gLedPara(32), 
 Return value:  Size  Location     Type
                  1    wreg      void 
 Registers used:
		wreg, fsr1l, fsr1h, status,2, status,0
 Tracked objects:
		On entry : 
		On exit  : 
		Unchanged: 
 Data sizes:     COMMON   BANK0   BANK1   BANK2
      Params:         4       0       0       0
      Locals:         1       0       0       0
      Temps:          4       0       0       0
      Totals:         9       0       0       0
Total ram usage:        9 bytes
 Hardware stack levels used:    1
 This function calls:
		Nothing
 This function is called by:
		_Led_OnKeyPressed
 This function uses a non-reentrant model


 *************** function _Util_DecValue *****************
 Defined at:
		line 15 in file "user/src/util.c"
 Parameters:    Size  Location     Type
  pSrc            1    wreg     PTR unsigned int 
		 -> gLedPara.blue_bright(2), gLedPara.white_bright(2), gLedPara.all_bright(2), gLedPara(32), 
  min             2    0[COMMON] unsigned int 
  delta           2    2[COMMON] unsigned int 
 Auto vars:     Size  Location     Type
  pSrc            1    8[COMMON] PTR unsigned int 
		 -> gLedPara.blue_bright(2), gLedPara.white_bright(2), gLedPara.all_bright(2), gLedPara(32), 
 Return value:  Size  Location     Type
                  1    wreg      void 
 Registers used:
		wreg, fsr1l, fsr1h, status,2, status,0
 Tracked objects:
		On entry : 
		On exit  : 
		Unchanged: 
 Data sizes:     COMMON   BANK0   BANK1   BANK2
      Params:         4       0       0       0
      Locals:         1       0       0       0
      Temps:          4       0       0       0
      Totals:         9       0       0       0
Total ram usage:        9 bytes
 Hardware stack levels used:    1
 This function calls:
		Nothing
 This function is called by:
		_Led_OnKeyPressed
 This function uses a non-reentrant model


 *************** function _Key_Read *****************
 Defined at:
		line 7 in file "user/src/key.c"
 Parameters:    Size  Location     Type
		None
 Auto vars:     Size  Location     Type
  value           2    4[COMMON] unsigned int 
 Return value:  Size  Location     Type
                  1    wreg      unsigned char 
 Registers used:
		wreg, status,2, status,0, pclath, cstack
 Tracked objects:
		On entry : 
		On exit  : 
		Unchanged: 
 Data sizes:     COMMON   BANK0   BANK1   BANK2
      Params:         0       0       0       0
      Locals:         2       0       0       0
      Temps:          0       0       0       0
      Totals:         2       0       0       0
Total ram usage:        2 bytes
 Hardware stack levels used:    1
 Hardware stack levels required when called:    1
 This function calls:
		i1_ADC_Conversion
 This function is called by:
		_Key_Scan
 This function uses a non-reentrant model


 *************** function i1_ADC_Conversion *****************
 Defined at:
		line 22 in file "driver/src/adc.c"
 Parameters:    Size  Location     Type
  chn             1    wreg     unsigned char 
 Auto vars:     Size  Location     Type
  chn             1    3[COMMON] unsigned char 
 Return value:  Size  Location     Type
                  2    0[COMMON] unsigned int 
 Registers used:
		wreg, status,2, status,0
 Tracked objects:
		On entry : 
		On exit  : 
		Unchanged: 
 Data sizes:     COMMON   BANK0   BANK1   BANK2
      Params:         2       0       0       0
      Locals:         1       0       0       0
      Temps:          1       0       0       0
      Totals:         4       0       0       0
Total ram usage:        4 bytes
 Hardware stack levels used:    1
 This function calls:
		Nothing
 This function is called by:
		_Key_Read
 This function uses a non-reentrant model


 *************** function _EUSART_Transmit_ISR *****************
 Defined at:
		line 66 in file "driver/src/eusart.c"
 Parameters:    Size  Location     Type
		None
 Auto vars:     Size  Location     Type
		None
 Return value:  Size  Location     Type
                  1    wreg      void 
 Registers used:
		wreg, fsr1l, fsr1h, status,2, status,0
 Tracked objects:
		On entry : 
		On exit  : 
		Unchanged: 
 Data sizes:     COMMON   BANK0   BANK1   BANK2
      Params:         0       0       0       0
      Locals:         0       0       0       0
      Temps:          1       0       0       0
      Totals:         1       0       0       0
Total ram usage:        1 bytes
 Hardware stack levels used:    1
 This function calls:
		Nothing
 This function is called by:
		_ISR
 This function uses a non-reentrant model



MODULE INFORMATION

Module		Function		Class		Link	Load	Size
driver/src/eusart.c
		_EUSART_Write  		CODE           	071D	0000	39
		_EUSART_Transmit_ISR		CODE           	0F25	0000	30
		_EUSART_Initialize_Default		CODE           	0E3D	0000	23

driver/src/eusart.c estimated size: 92

driver/src/osc.c
		_OSC_Initialize_Default		CODE           	0D28	0000	7

driver/src/osc.c estimated size: 7

user/src/util.c
		_Util_IncValue 		CODE           	0659	0000	41
		_Util_DecValue 		CODE           	0681	0000	41

user/src/util.c estimated size: 82

user/src/led.c
		_Led_SaveParaIfChanged		CODE           	0DCE	0000	16
		_Led_TurnOffRamp		CODE           	0E14	0000	21
		_Led_InitPara  		CODE           	04CA	0000	108
		_Led_TurnOnBlueRamp		CODE           	0D7C	0000	13
		_Led_Initialize		CODE           	0382	0000	111
		_Led_Run       		CODE           	0E28	0000	22
		_Led_RunMusic  		CODE           	05EF	0000	65
		_Led_DynamicCloud		CODE           	0202	0000	149
		_Led_OnKeyPressed		CODE           	0041	0000	298
		_Led_DynamicStorm		CODE           	016A	0000	153
		_Led_TurnOnWhiteRamp		CODE           	0DA2	0000	15
		_Led_TurnOnAllRamp		CODE           	0E53	0000	24
		_Led_Ramp      		CODE           	0296	0000	121

user/src/led.c estimated size: 1116

user/src/main.c
		_ISR           		CODE           	0004	0000	29
		_main          		CODE           	06F7	0000	39
		_Interrupt_Initialize		CODE           	0DDD	0000	17
		_SYSTEM_Initialize		CODE           	0ED2	0000	28
		_PIN_Initialize		CODE           	0E6A	0000	25

user/src/main.c estimated size: 138

driver/src/tmr2.c
		_TMR2_ISR      		CODE           	0D70	0000	13
		_TMR2_SetInterruptHandler		CODE           	0D22	0000	7
		_TMR2_Initialize_Default		CODE           	0D5A	0000	11
		_TMR2_StartTimer		CODE           	0D19	0000	4

driver/src/tmr2.c estimated size: 35

/Applications/microchip/xc8/v1.40/sources/common/Umul16.c
		___wmul        		CODE           	0F09	0000	29

/Applications/microchip/xc8/v1.40/sources/common/Umul16.c estimated size: 29

driver/src/pwm.c
		_PWM1_Initialize		CODE           	0D2E	0000	7
		_PWM2_Initialize		CODE           	0D34	0000	7
		_PWM3_Initialize		CODE           	0D3A	0000	7
		_PWM4_Initialize		CODE           	0D40	0000	7
		_PWM1_LoadDutyValue		CODE           	0DBF	0000	16
		_PWM3_LoadDutyValue		CODE           	0DB0	0000	16

driver/src/pwm.c estimated size: 60

shared
		_GAIN          		STRCODE        	07F5	0000	6
		i1_Led_TurnOnWhiteRamp		CODE           	0D94	0000	15
		_VOLUME        		STRCODE        	07FA	0000	6
		i1_EUSART_Write		CODE           	0769	0000	37
		i1___wmul      		CODE           	0EB7	0000	28
		i1_Audio_StopSound		CODE           	0E9C	0000	28
		__initialization		CODE           	0022	0000	28
		i1_Audio_SetVolume		CODE           	078D	0000	36
		i1_Led_TurnOnAllRamp		CODE           	0E00	0000	21
		i1_Led_TurnOffRamp		CODE           	0DED	0000	20
		i1_Led_TurnOnBlueRamp		CODE           	0D64	0000	13
		i1_ADC_Conversion		CODE           	0EED	0000	29
		i1_Led_Initialize		CODE           	0535	0000	104
		i1_Audio_SetPlayMode		CODE           	07B0	0000	36

shared estimated size: 407

driver/src/flash.c
		_FLASH_ReadBuffer		CODE           	0743	0000	39
		_FLASH_EraseBlock		CODE           	0F60	0000	33
		_FLASH_ReadByte		CODE           	0E82	0000	27
		_FLASH_WriteBlock		CODE           	03F0	0000	110

driver/src/flash.c estimated size: 209

driver/src/adc.c
		_ADC_Initialize_Default		CODE           	0D52	0000	9
		_ADC_Conversion		CODE           	07D3	0000	35

driver/src/adc.c estimated size: 44

user/src/key.c
		_Key_Scan      		CODE           	045D	0000	110
		_Key_SetActionHandler		CODE           	0D1C	0000	7
		_Key_Read      		CODE           	059C	0000	84

user/src/key.c estimated size: 201

user/src/audio.c
		_Audio_StopSound		CODE           	0F42	0000	31
		_Audio_SetVolume		CODE           	06A9	0000	40
		_Audio_GetValue		CODE           	030E	0000	117
		_Audio_SetPlayMode		CODE           	06D0	0000	40
		_Audio_SelectSound		CODE           	062F	0000	43

user/src/audio.c estimated size: 271

