Microchip MPLAB XC8 Compiler V1.41 ()

Linker command line:

-W-3 --edf=D:\Program Files\Microchip\xc8\v1.41\dat\en_msgs.txt -cs \
  -h+dist/default/production\ZoomedAquariumM1.X.production.sym \
  --cmf=dist/default/production\ZoomedAquariumM1.X.production.cmf -z \
  -Q16F1508 -oC:\Users\liruya\AppData\Local\Temp\s8ds.2 \
  -Mdist/default/production/ZoomedAquariumM1.X.production.map -E1 -ver=XC8 \
  -ASTACK=02090h-020efh -pstack=STACK -ACODE=00h-07FFh,0800h-0F7Fh \
  -ASTRCODE=00h-0F7Fh -ASTRING=00h-0FFhx15,0F00h-0F7Fh \
  -ACONST=00h-0FFhx15,0F00h-0F7Fh -AENTRY=00h-0FFhx15,0F00h-0F7Fh \
  -ACOMMON=070h-07Fh -ABANK0=020h-06Fh -ABANK1=0A0h-0EFh \
  -ABANK2=0120h-016Fh -ABIGRAM=02000h-020EFh \
  -ARAM=020h-06Fh,0A0h-0EFh,0120h-016Fh \
  -AABS1=020h-07Fh,0A0h-0EFh,0120h-016Fh -ASFR0=00h-01Fh -ASFR1=080h-09Fh \
  -ASFR2=0100h-011Fh -ASFR3=0180h-01EFh -ASFR4=0200h-026Fh \
  -ASFR5=0280h-02EFh -ASFR6=0300h-036Fh -ASFR7=0380h-03EFh \
  -ASFR8=0400h-046Fh -ASFR9=0480h-04EFh -ASFR10=0500h-056Fh \
  -ASFR11=0580h-05EFh -ASFR12=0600h-066Fh -ASFR13=0680h-06EFh \
  -ASFR14=0700h-076Fh -ASFR15=0780h-07EFh -ASFR16=0800h-086Fh \
  -ASFR17=0880h-08EFh -ASFR18=0900h-096Fh -ASFR19=0980h-09EFh \
  -ASFR20=0A00h-0A6Fh -ASFR21=0A80h-0AEFh -ASFR22=0B00h-0B6Fh \
  -ASFR23=0B80h-0BEFh -ASFR24=0C00h-0C6Fh -ASFR25=0C80h-0CEFh \
  -ASFR26=0D00h-0D6Fh -ASFR27=0D80h-0DEFh -ASFR28=0E00h-0E6Fh \
  -ASFR29=0E80h-0EEFh -ASFR30=0F00h-0F6Fh -ASFR31=0F80h-0FEFh \
  -preset_vec=00h,intentry=04h,init,end_init -ppowerup=CODE -pcinit=CODE \
  -pfunctab=CODE -ACONFIG=08007h-08008h -pconfig=CONFIG -DCONFIG=2 \
  -AIDLOC=08000h-08003h -pidloc=IDLOC -DIDLOC=2 -DCODE=2 -DSTRCODE=2 \
  -DSTRING=2 -DCONST=2 -DENTRY=2 -k \
  C:\Users\liruya\AppData\Local\Temp\s8ds.obj \
  dist/default/production\ZoomedAquariumM1.X.production.obj 

Object code version is 3.11

Machine type is 16F1508



                Name                               Link     Load   Length Selector   Space Scale
C:\Users\liruya\AppData\Local\Temp\s8ds.obj
                end_init                             1A       1A        2        8       0
                reset_vec                             0        0        3        0       0
                config                             8007     8007        2    1000E       0
dist/default/production\ZoomedAquariumM1.X.production.obj
                cinit                                1C       1C      692        8       0
                intentry                              4        4       16        8       0
                text59                              7CD      7CD       16        8       0
                text43                              F71      F71        F     1EE2       0
                text42                              7E3      7E3        F        8       0
                swtext1                             807      807        A     100E       0
                text36                              6AE      6AE      11F        8       0
                text35                              7F2      7F2        B        8       0
                cstackBANK0                          42       42       13       20       1
                cstackCOMMON                         70       70        E       70       1
                clrtext                             F6B      F6B        6     1ED6       0
                bssBANK1                             A0       A0       40       A0       1
                dataBANK0                            55       55        C       20       1
                bssBANK0                             20       20       22       20       1
                stringtext                          7FD      7FD        A      FFA       0

TOTAL           Name                               Link     Load   Length     Space
        CLASS   STACK          

        CLASS   CODE           
                end_init                             1A       1A        2         0
                cinit                                1C       1C      692         0
                intentry                              4        4       16         0
                reset_vec                             0        0        3         0
                text59                              7CD      7CD       16         0
                text43                              F71      F71        F         0
                text42                              7E3      7E3        F         0
                text36                              6AE      6AE      11F         0
                text35                              7F2      7F2        B         0
                clrtext                             F6B      F6B        6         0

        CLASS   STRCODE        
                stringtext                          7FD      7FD        A         0

        CLASS   STRING         

        CLASS   CONST          
                swtext1                             807      807        A         0

        CLASS   ENTRY          

        CLASS   COMMON         
                cstackCOMMON                         70       70        E         1

        CLASS   BANK0          
                cstackBANK0                          42       42       13         1
                dataBANK0                            55       55        C         1
                bssBANK0                             20       20       22         1

        CLASS   BANK1          
                bssBANK1                             A0       A0       40         1

        CLASS   BANK2          

        CLASS   BIGRAM         

        CLASS   RAM            

        CLASS   ABS1           
                abs_s1                               7E       7E        2         1

        CLASS   SFR0           

        CLASS   SFR1           

        CLASS   SFR2           

        CLASS   SFR3           

        CLASS   SFR4           

        CLASS   SFR5           

        CLASS   SFR6           

        CLASS   SFR7           

        CLASS   SFR8           

        CLASS   SFR9           

        CLASS   SFR10          

        CLASS   SFR11          

        CLASS   SFR12          

        CLASS   SFR13          

        CLASS   SFR14          

        CLASS   SFR15          

        CLASS   SFR16          

        CLASS   SFR17          

        CLASS   SFR18          

        CLASS   SFR19          

        CLASS   SFR20          

        CLASS   SFR21          

        CLASS   SFR22          

        CLASS   SFR23          

        CLASS   SFR24          

        CLASS   SFR25          

        CLASS   SFR26          

        CLASS   SFR27          

        CLASS   SFR28          

        CLASS   SFR29          

        CLASS   SFR30          

        CLASS   SFR31          

        CLASS   CONFIG         
                config                             8007     8007        2         0

        CLASS   IDLOC          

        CLASS   BANK31         

        CLASS   BANK30         

        CLASS   BANK29         

        CLASS   BANK28         

        CLASS   BANK27         

        CLASS   BANK26         

        CLASS   BANK25         

        CLASS   BANK24         

        CLASS   BANK23         

        CLASS   BANK22         

        CLASS   BANK21         

        CLASS   BANK20         

        CLASS   BANK19         

        CLASS   BANK18         

        CLASS   BANK17         

        CLASS   BANK16         

        CLASS   BANK15         

        CLASS   BANK14         

        CLASS   BANK13         

        CLASS   BANK12         

        CLASS   BANK11         

        CLASS   BANK10         

        CLASS   BANK9          

        CLASS   BANK8          

        CLASS   BANK7          

        CLASS   BANK6          

        CLASS   BANK5          

        CLASS   BANK4          

        CLASS   BANK3          

        CLASS   EEDATA         



SEGMENTS        Name                           Load    Length   Top    Selector   Space  Class     Delta

                reset_vec                      000000  000003  000003         0       0  CODE        2
                intentry                       000004  0007F9  0007FD         8       0  CODE        2
                bssBANK0                       000020  000041  000061        20       1  BANK0       1
                cstackCOMMON                   000070  00000E  00007E        70       1  COMMON      1
                bssBANK1                       0000A0  000040  0000E0        A0       1  BANK1       1
                stringtext                     0007FD  00000A  000807       FFA       0  STRCODE     2
                swtext1                        000807  00000A  000811      100E       0  CONST       2
                clrtext                        000F6B  000006  000F71      1ED6       0  CODE        2
                text43                         000F71  00000F  000F80      1EE2       0  CODE        2
                config                         008007  000002  008009     1000E       0  CONFIG      2


UNUSED ADDRESS RANGES

        Name                Unused          Largest block    Delta
        BANK0            00061-0006F               F           1
        BANK1            000E0-000EF              10           1
        BANK2            00120-0016F              50           1
        BIGRAM           02000-020EF              F0           1
        CODE             00003-00003               1           2
                         00811-00F6A             75A
        CONST            00003-00003               1           2
                         00811-00F6A             100
        ENTRY            00003-00003               1           2
                         00811-00F6A             100
        IDLOC            08000-08003               4           2
        RAM              00061-0006F               F           1
                         000E0-000EF              10
                         00120-0016F              50
        SFR0             00000-0001F              20           1
        SFR1             00080-0009F              20           1
        SFR10            00500-0056F              70           1
        SFR11            00580-005EF              70           1
        SFR12            00600-0066F              70           1
        SFR13            00680-006EF              70           1
        SFR14            00700-0076F              70           1
        SFR15            00780-007EF              70           1
        SFR16            00800-0086F              70           1
        SFR17            00880-008EF              70           1
        SFR18            00900-0096F              70           1
        SFR19            00980-009EF              70           1
        SFR2             00100-0011F              20           1
        SFR20            00A00-00A6F              70           1
        SFR21            00A80-00AEF              70           1
        SFR22            00B00-00B6F              70           1
        SFR23            00B80-00BEF              70           1
        SFR24            00C00-00C6F              70           1
        SFR25            00C80-00CEF              70           1
        SFR26            00D00-00D6F              70           1
        SFR27            00D80-00DEF              70           1
        SFR28            00E00-00E6F              70           1
        SFR29            00E80-00EEF              70           1
        SFR3             00180-001EF              70           1
        SFR30            00F00-00F6F              70           1
        SFR31            00F80-00FEF              70           1
        SFR4             00200-0026F              70           1
        SFR5             00280-002EF              70           1
        SFR6             00300-0036F              70           1
        SFR7             00380-003EF              70           1
        SFR8             00400-0046F              70           1
        SFR9             00480-004EF              70           1
        STACK            02090-020EF              60           1
        STRCODE          00003-00003               1           2
                         00811-00F6A             75A
        STRING           00003-00003               1           2
                         00811-00F6A             100

                                  Symbol Table

?_ADC_Conversion                    cstackBANK0  00049
?___wmul                            cstackBANK0  00049
?i1_ADC_Conversion                  cstackCOMMON 00070
?i1___wmul                          cstackCOMMON 00070
ADC_Conversion@chn                  cstackBANK0  0004C
Audio_GetValue@cnt                  bssBANK0     0002F
Audio_GetValue@max                  bssBANK0     00033
Audio_GetValue@min                  bssBANK0     00031
Audio_GetValue@value                cstackBANK0  00053
Audio_SelectSound@checksum          cstackCOMMON 00072
Audio_SelectSound@index             cstackCOMMON 00071
Audio_SetPlayMode@checksum          cstackBANK0  0004B
Audio_SetPlayMode@type              cstackBANK0  0004A
Audio_SetVolume@checksum            cstackBANK0  0004B
Audio_SetVolume@vol                 cstackBANK0  0004A
Audio_StopSound@checksum            cstackBANK0  0004A
EUSART_Write@byte                   cstackBANK0  00049
FLASH_EraseBlock@addr               cstackBANK0  00049
FLASH_EraseBlock@state              cstackBANK0  0004B
FLASH_ReadBuffer@addr               cstackBANK0  0004C
FLASH_ReadBuffer@buf                cstackBANK0  00050
FLASH_ReadBuffer@i                  cstackBANK0  00051
FLASH_ReadBuffer@size               cstackBANK0  0004E
FLASH_ReadByte@addr                 cstackBANK0  00049
FLASH_ReadByte@state                cstackBANK0  0004B
FLASH_WriteBlock@addr               cstackBANK0  0004C
FLASH_WriteBlock@buf                cstackBANK0  0004E
FLASH_WriteBlock@i                  cstackBANK0  00053
FLASH_WriteBlock@start_addr         cstackBANK0  00051
FLASH_WriteBlock@state              cstackBANK0  00050
Key_Read@value                      cstackCOMMON 00074
Key_Scan@idleCount                  bssBANK0     00029
Key_Scan@keyNum                     cstackCOMMON 0007D
Key_Scan@lastKey                    bssBANK0     0003C
Key_Scan@rptCount                   bssBANK0     0003B
Key_SetActionHandler@handler        cstackBANK0  00049
Led_DynamicCloud@F4458              dataBANK0    00059
Led_DynamicCloud@duty               cstackBANK0  00044
Led_DynamicCloud@i                  cstackBANK0  00048
Led_DynamicCloud@ptp                cstackCOMMON 00076
Led_DynamicCloud@val                cstackBANK0  00042
Led_DynamicStorm@F4469              dataBANK0    00055
Led_DynamicStorm@duty               cstackBANK0  00042
Led_DynamicStorm@i                  cstackBANK0  00048
Led_DynamicStorm@ptp                cstackCOMMON 00076
Led_DynamicStorm@val                cstackBANK0  00046
Led_OnKeyPressed@key                cstackCOMMON 00079
Led_Ramp@i                          cstackCOMMON 0007A
Led_Run@cnt                         bssBANK0     0003E
Led_TurnOffRamp@i                   cstackBANK0  00049
Led_TurnOnAllRamp@i                 cstackBANK0  00049
PL10                                cinit        00640
PL12                                cinit        0064C
PL14                                cinit        00658
PL16                                cinit        00660
PL18                                cinit        0066A
PL2                                 text36       007B3
PL20                                cinit        00674
PL22                                cinit        0067B
PL24                                cinit        00682
PL26                                text36       007C5
PL28                                cinit        00689
PL30                                cinit        00691
PL32                                cinit        00699
PL34                                cinit        006A1
PL36                                cinit        006A7
PL38                                cinit        00364
PL4                                 cinit        0061E
PL40                                cinit        0036A
PL6                                 cinit        00629
PL8                                 cinit        00633
PWM1_LoadDutyValue@dutyValue        cstackCOMMON 00070
PWM3_LoadDutyValue@dutyValue        cstackCOMMON 00070
TMR2_SetInterruptHandler@handler    cstackBANK0  00049
Util_DecValue@delta                 cstackCOMMON 00072
Util_DecValue@min                   cstackCOMMON 00070
Util_DecValue@pSrc                  cstackCOMMON 00078
Util_IncValue@delta                 cstackCOMMON 00072
Util_IncValue@max                   cstackCOMMON 00070
Util_IncValue@pSrc                  cstackCOMMON 00078
_ADCON0                             (abs)        0009D
_ADCON0bits                         (abs)        0009D
_ADCON1                             (abs)        0009E
_ADCON2                             (abs)        0009F
_ADC_Conversion                     cinit        000BA
_ADC_Initialize_Default             cinit        00348
_ADRES                              (abs)        0009B
_ANSELA                             (abs)        0018C
_ANSELB                             (abs)        0018D
_ANSELC                             (abs)        0018E
_Audio_GetValue                     cinit        00068
_Audio_Initialize                   cinit        000DB
_Audio_Initialize$595               cstackBANK0  0004E
_Audio_SelectSound                  cinit        004E4
_Audio_SetPlayMode                  cinit        00149
_Audio_SetVolume                    cinit        00133
_Audio_StopSound                    cinit        00121
_BAUDCON                            (abs)        0019F
_CFGS                               (abs)        00CAE
_EUSART_Initialize_Default          cinit        00350
_EUSART_Transmit_ISR                text59       007CD
_EUSART_Write                       cinit        00160
_FLASH_EraseBlock                   cinit        00329
_FLASH_ReadBuffer                   cinit        001E7
_FLASH_ReadByte                     cinit        001FF
_FLASH_WriteBlock                   cinit        002D4
_FREE                               (abs)        00CAC
_GAIN                               stringtext   007FD
_GIE                                (abs)        0005F
_INTCONbits                         (abs)        0000B
_ISR                                intentry     00004
_Interrupt_Initialize               cinit        00175
_Key_Read                           text36       00714
_Key_Scan                           text36       006BB
_Key_SetActionHandler               cinit        002A8
_LATA                               (abs)        0010C
_LATB                               (abs)        0010D
_LATC                               (abs)        0010E
_LWLO                               (abs)        00CAD
_Led_DynamicCloud                   cinit        0054F
_Led_DynamicStorm                   cinit        005A5
_Led_InitPara                       cinit        00181
_Led_Initialize                     cinit        00218
_Led_OnKeyPressed                   cinit        003A9
_Led_OnKeyPressed$610               cstackCOMMON 0007B
_Led_Ramp                           text36       00776
_Led_Run                            text36       006AE
_Led_RunMusic                       cinit        0036F
_Led_SaveParaIfChanged              cinit        0022F
_Led_TurnOffRamp                    cinit        002AD
_Led_TurnOnAllRamp                  cinit        002B8
_Led_TurnOnBlueRamp                 cinit        002CC
_Led_TurnOnWhiteRamp                cinit        002CF
_OPTION_REGbits                     (abs)        00095
_OSCCON                             (abs)        00099
_OSCSTATbits                        (abs)        0009A
_OSC_Initialize_Default             cinit        00255
_PIE1bits                           (abs)        00091
_PIN_Initialize                     cinit        0025A
_PIR1bits                           (abs)        00011
_PMADR                              (abs)        00191
_PMCON2                             (abs)        00196
_PMDAT                              (abs)        00193
_PMDATL                             (abs)        00193
_PR2                                (abs)        0001B
_PWM1CON                            (abs)        00613
_PWM1DC                             (abs)        00611
_PWM1_Initialize                    cinit        00271
_PWM1_LoadDutyValue                 text42       007E3
_PWM2CON                            (abs)        00616
_PWM2DC                             (abs)        00614
_PWM2_Initialize                    cinit        00277
_PWM3CON                            (abs)        00619
_PWM3DC                             (abs)        00617
_PWM3_Initialize                    cinit        0027C
_PWM3_LoadDutyValue                 text43       00F71
_PWM4CON                            (abs)        0061C
_PWM4DC                             (abs)        0061A
_PWM4_Initialize                    cinit        00281
_RCSTA                              (abs)        0019D
_RD                                 (abs)        00CA8
_SPBRG                              (abs)        0019B
_SYSTEM_Initialize                  cinit        00244
_T2CON                              (abs)        0001C
_T2CONbits                          (abs)        0001C
_TMR2                               (abs)        0001A
_TMR2_ISR                           text35       007F2
_TMR2_Initialize_Default            cinit        00286
_TMR2_SetInterruptHandler           cinit        001E2
_TMR2_StartTimer                    cinit        00290
_TRISA                              (abs)        0008C
_TRISB                              (abs)        0008D
_TRISC                              (abs)        0008E
_TXREG                              (abs)        0019A
_TXSTA                              (abs)        0019E
_Util_DecValue                      cinit        00473
_Util_IncValue                      cinit        00497
_VOLUME                             stringtext   00802
_WPUA                               (abs)        0020C
_WPUB                               (abs)        0020D
_WR                                 (abs)        00CA9
_WREN                               (abs)        00CAA
__CFG_BOREN$OFF                     (abs)        00000
__CFG_BORV$LO                       (abs)        00000
__CFG_CLKOUTEN$OFF                  (abs)        00000
__CFG_CP$OFF                        (abs)        00000
__CFG_FCMEN$OFF                     (abs)        00000
__CFG_FOSC$INTOSC                   (abs)        00000
__CFG_IESO$OFF                      (abs)        00000
__CFG_LPBOR$ON                      (abs)        00000
__CFG_LVP$ON                        (abs)        00000
__CFG_MCLRE$ON                      (abs)        00000
__CFG_PWRTE$ON                      (abs)        00000
__CFG_STVREN$ON                     (abs)        00000
__CFG_WDTE$ON                       (abs)        00000
__CFG_WRT$OFF                       (abs)        00000
__Habs1                             abs1         00000
__Hbank0                            bank0        00000
__Hbank1                            bank1        00000
__Hbank10                           bank10       00000
__Hbank11                           bank11       00000
__Hbank12                           bank12       00000
__Hbank13                           bank13       00000
__Hbank14                           bank14       00000
__Hbank15                           bank15       00000
__Hbank16                           bank16       00000
__Hbank17                           bank17       00000
__Hbank18                           bank18       00000
__Hbank19                           bank19       00000
__Hbank2                            bank2        00000
__Hbank20                           bank20       00000
__Hbank21                           bank21       00000
__Hbank22                           bank22       00000
__Hbank23                           bank23       00000
__Hbank24                           bank24       00000
__Hbank25                           bank25       00000
__Hbank26                           bank26       00000
__Hbank27                           bank27       00000
__Hbank28                           bank28       00000
__Hbank29                           bank29       00000
__Hbank3                            bank3        00000
__Hbank30                           bank30       00000
__Hbank31                           bank31       00000
__Hbank4                            bank4        00000
__Hbank5                            bank5        00000
__Hbank6                            bank6        00000
__Hbank7                            bank7        00000
__Hbank8                            bank8        00000
__Hbank9                            bank9        00000
__Hbigram                           bigram       00000
__HbssBANK0                         bssBANK0     00000
__HbssBANK1                         bssBANK1     00000
__Hcinit                            cinit        006AE
__Hclrtext                          clrtext      00000
__Hcode                             code         00000
__Hcommon                           common       00000
__Hconfig                           config       08009
__HcstackBANK0                      cstackBANK0  00000
__HcstackCOMMON                     cstackCOMMON 00000
__HdataBANK0                        dataBANK0    00000
__Heeprom_data                      eeprom_data  00000
__Hend_init                         end_init     0001C
__Hfunctab                          functab      00000
__HidataBANK0                       idataBANK0   00000
__Hidloc                            idloc        00000
__Hinit                             init         0001A
__Hintentry                         intentry     0001A
__Hmaintext                         maintext     00000
__Hpa_nodes0                        pa_nodes0    00000
__Hpowerup                          powerup      00000
__Hram                              ram          00000
__Hreset_vec                        reset_vec    00003
__Hsfr0                             sfr0         00000
__Hsfr1                             sfr1         00000
__Hsfr10                            sfr10        00000
__Hsfr11                            sfr11        00000
__Hsfr12                            sfr12        00000
__Hsfr13                            sfr13        00000
__Hsfr14                            sfr14        00000
__Hsfr15                            sfr15        00000
__Hsfr16                            sfr16        00000
__Hsfr17                            sfr17        00000
__Hsfr18                            sfr18        00000
__Hsfr19                            sfr19        00000
__Hsfr2                             sfr2         00000
__Hsfr20                            sfr20        00000
__Hsfr21                            sfr21        00000
__Hsfr22                            sfr22        00000
__Hsfr23                            sfr23        00000
__Hsfr24                            sfr24        00000
__Hsfr25                            sfr25        00000
__Hsfr26                            sfr26        00000
__Hsfr27                            sfr27        00000
__Hsfr28                            sfr28        00000
__Hsfr29                            sfr29        00000
__Hsfr3                             sfr3         00000
__Hsfr30                            sfr30        00000
__Hsfr31                            sfr31        00000
__Hsfr4                             sfr4         00000
__Hsfr5                             sfr5         00000
__Hsfr6                             sfr6         00000
__Hsfr7                             sfr7         00000
__Hsfr8                             sfr8         00000
__Hsfr9                             sfr9         00000
__Hspace_0                          (abs)        08009
__Hspace_1                          (abs)        000E0
__Hspace_2                          (abs)        00000
__Hspace_3                          (abs)        00000
__Hstack                            stack        00000
__Hstrings                          strings      00000
__Hstringtext                       stringtext   00000
__Htext                             text         00000
__Labs1                             abs1         00000
__Lbank0                            bank0        00000
__Lbank1                            bank1        00000
__Lbank10                           bank10       00000
__Lbank11                           bank11       00000
__Lbank12                           bank12       00000
__Lbank13                           bank13       00000
__Lbank14                           bank14       00000
__Lbank15                           bank15       00000
__Lbank16                           bank16       00000
__Lbank17                           bank17       00000
__Lbank18                           bank18       00000
__Lbank19                           bank19       00000
__Lbank2                            bank2        00000
__Lbank20                           bank20       00000
__Lbank21                           bank21       00000
__Lbank22                           bank22       00000
__Lbank23                           bank23       00000
__Lbank24                           bank24       00000
__Lbank25                           bank25       00000
__Lbank26                           bank26       00000
__Lbank27                           bank27       00000
__Lbank28                           bank28       00000
__Lbank29                           bank29       00000
__Lbank3                            bank3        00000
__Lbank30                           bank30       00000
__Lbank31                           bank31       00000
__Lbank4                            bank4        00000
__Lbank5                            bank5        00000
__Lbank6                            bank6        00000
__Lbank7                            bank7        00000
__Lbank8                            bank8        00000
__Lbank9                            bank9        00000
__Lbigram                           bigram       00000
__LbssBANK0                         bssBANK0     00000
__LbssBANK1                         bssBANK1     00000
__Lcinit                            cinit        0001C
__Lclrtext                          clrtext      00000
__Lcode                             code         00000
__Lcommon                           common       00000
__Lconfig                           config       08007
__LcstackBANK0                      cstackBANK0  00000
__LcstackCOMMON                     cstackCOMMON 00000
__LdataBANK0                        dataBANK0    00000
__Leeprom_data                      eeprom_data  00000
__Lend_init                         end_init     0001A
__Lfunctab                          functab      00000
__LidataBANK0                       idataBANK0   00000
__Lidloc                            idloc        00000
__Linit                             init         0001A
__Lintentry                         intentry     00004
__Lmaintext                         maintext     00000
__Lpa_nodes0                        pa_nodes0    00000
__Lpowerup                          powerup      00000
__Lram                              ram          00000
__Lreset_vec                        reset_vec    00000
__Lsfr0                             sfr0         00000
__Lsfr1                             sfr1         00000
__Lsfr10                            sfr10        00000
__Lsfr11                            sfr11        00000
__Lsfr12                            sfr12        00000
__Lsfr13                            sfr13        00000
__Lsfr14                            sfr14        00000
__Lsfr15                            sfr15        00000
__Lsfr16                            sfr16        00000
__Lsfr17                            sfr17        00000
__Lsfr18                            sfr18        00000
__Lsfr19                            sfr19        00000
__Lsfr2                             sfr2         00000
__Lsfr20                            sfr20        00000
__Lsfr21                            sfr21        00000
__Lsfr22                            sfr22        00000
__Lsfr23                            sfr23        00000
__Lsfr24                            sfr24        00000
__Lsfr25                            sfr25        00000
__Lsfr26                            sfr26        00000
__Lsfr27                            sfr27        00000
__Lsfr28                            sfr28        00000
__Lsfr29                            sfr29        00000
__Lsfr3                             sfr3         00000
__Lsfr30                            sfr30        00000
__Lsfr31                            sfr31        00000
__Lsfr4                             sfr4         00000
__Lsfr5                             sfr5         00000
__Lsfr6                             sfr6         00000
__Lsfr7                             sfr7         00000
__Lsfr8                             sfr8         00000
__Lsfr9                             sfr9         00000
__Lspace_0                          (abs)        00000
__Lspace_1                          (abs)        00000
__Lspace_2                          (abs)        00000
__Lspace_3                          (abs)        00000
__Lstack                            stack        00000
__Lstrings                          strings      00000
__Lstringtext                       stringtext   00000
__Ltext                             text         00000
__S0                                (abs)        08009
__S1                                (abs)        000E0
__S2                                (abs)        00000
___int_sp                           stack        00000
___latbits                          (abs)        00001
___sp                               stack        00000
___wmul                             cinit        00293
___wmul@multiplicand                cstackBANK0  0004B
___wmul@multiplier                  cstackBANK0  00049
___wmul@product                     cstackBANK0  0004D
__end_ofPL10                        cinit        0064C
__end_ofPL12                        cinit        00658
__end_ofPL14                        cinit        00660
__end_ofPL16                        cinit        0066A
__end_ofPL18                        cinit        00674
__end_ofPL2                         text36       007C5
__end_ofPL20                        cinit        0067B
__end_ofPL22                        cinit        00682
__end_ofPL24                        cinit        00689
__end_ofPL26                        text36       007CD
__end_ofPL28                        cinit        00691
__end_ofPL30                        cinit        00699
__end_ofPL32                        cinit        006A1
__end_ofPL34                        cinit        006A7
__end_ofPL36                        cinit        006AE
__end_ofPL38                        cinit        0036A
__end_ofPL4                         cinit        00629
__end_ofPL40                        cinit        0036F
__end_ofPL6                         cinit        00633
__end_ofPL8                         cinit        00640
__end_of_ADC_Conversion             cinit        000DB
__end_of_ADC_Initialize_Default     cinit        00350
__end_of_Audio_GetValue             cinit        000BA
__end_of_Audio_Initialize           cinit        00121
__end_of_Audio_SelectSound          cinit        00507
__end_of_Audio_SetPlayMode          cinit        00160
__end_of_Audio_SetVolume            cinit        00149
__end_of_Audio_StopSound            cinit        00133
__end_of_EUSART_Initialize_Default  cinit        00364
__end_of_EUSART_Transmit_ISR        text59       007E3
__end_of_EUSART_Write               cinit        00175
__end_of_FLASH_EraseBlock           cinit        00348
__end_of_FLASH_ReadBuffer           cinit        001FF
__end_of_FLASH_ReadByte             cinit        00218
__end_of_FLASH_WriteBlock           cinit        00329
__end_of_GAIN                       stringtext   00802
__end_of_ISR                        intentry     0001A
__end_of_Interrupt_Initialize       cinit        00181
__end_of_Key_Read                   text36       0075B
__end_of_Key_Scan                   text36       00714
__end_of_Key_SetActionHandler       cinit        002AD
__end_of_Led_DynamicCloud           cinit        005A5
__end_of_Led_DynamicStorm           cinit        005FF
__end_of_Led_InitPara               cinit        001E2
__end_of_Led_Initialize             cinit        0022F
__end_of_Led_OnKeyPressed           cinit        00473
__end_of_Led_Ramp                   text36       007B3
__end_of_Led_Run                    text36       006BB
__end_of_Led_RunMusic               cinit        003A9
__end_of_Led_SaveParaIfChanged      cinit        00244
__end_of_Led_TurnOffRamp            cinit        002B8
__end_of_Led_TurnOnAllRamp          cinit        002CC
__end_of_Led_TurnOnBlueRamp         cinit        002CF
__end_of_Led_TurnOnWhiteRamp        cinit        002D4
__end_of_OSC_Initialize_Default     cinit        0025A
__end_of_PIN_Initialize             cinit        00271
__end_of_PWM1_Initialize            cinit        00277
__end_of_PWM1_LoadDutyValue         text42       007F2
__end_of_PWM2_Initialize            cinit        0027C
__end_of_PWM3_Initialize            cinit        00281
__end_of_PWM3_LoadDutyValue         text43       00F80
__end_of_PWM4_Initialize            cinit        00286
__end_of_SYSTEM_Initialize          cinit        00255
__end_of_TMR2_ISR                   text35       007FD
__end_of_TMR2_Initialize_Default    cinit        00290
__end_of_TMR2_SetInterruptHandler   cinit        001E7
__end_of_TMR2_StartTimer            cinit        00293
__end_of_Util_DecValue              cinit        00497
__end_of_Util_IncValue              cinit        004BB
__end_of_VOLUME                     stringtext   00807
__end_of___wmul                     cinit        002A8
__end_of__initialization            cinit        00044
__end_of_main                       cinit        00068
__end_ofi1_ADC_Conversion           text36       00776
__end_ofi1_Audio_SetVolume          cinit        004E4
__end_ofi1_Audio_StopSound          cinit        004CD
__end_ofi1_EUSART_Write             cinit        0051B
__end_ofi1_Led_Initialize           cinit        0054A
__end_ofi1_Led_TurnOffRamp          cinit        0061E
__end_ofi1_Led_TurnOnAllRamp        cinit        0052B
__end_ofi1_Led_TurnOnBlueRamp       cinit        0052E
__end_ofi1_Led_TurnOnWhiteRamp      cinit        0054F
__end_ofi1___wmul                   cinit        00614
__initialization                    cinit        0001C
__pbssBANK0                         bssBANK0     00020
__pbssBANK1                         bssBANK1     000A0
__pcstackBANK0                      cstackBANK0  00042
__pcstackCOMMON                     cstackCOMMON 00070
__pdataBANK0                        dataBANK0    00055
__pidataBANK0                       idataBANK0   00000
__pintentry                         intentry     00004
__pmaintext                         cinit        00047
__pstringtext                       stringtext   007FD
__pswtext1                          swtext1      00807
__ptext1                            cinit        00290
__ptext10                           cinit        00350
__ptext11                           cinit        00348
__ptext12                           cinit        0022F
__ptext13                           cinit        002D4
__ptext14                           cinit        00329
__ptext15                           cinit        00218
__ptext16                           cinit        002CF
__ptext17                           cinit        002CC
__ptext18                           cinit        002B8
__ptext19                           cinit        002AD
__ptext2                            cinit        00244
__ptext20                           cinit        00181
__ptext21                           cinit        001E7
__ptext22                           cinit        001FF
__ptext23                           cinit        00175
__ptext24                           cinit        001E2
__ptext25                           cinit        002A8
__ptext26                           cinit        000DB
__ptext27                           cinit        00121
__ptext28                           cinit        00133
__ptext29                           cinit        00149
__ptext3                            cinit        00286
__ptext30                           cinit        00160
__ptext31                           cinit        00068
__ptext32                           cinit        00293
__ptext33                           cinit        000BA
__ptext35                           text35       007F2
__ptext36                           text36       006AE
__ptext37                           cinit        0036F
__ptext38                           text36       00776
__ptext39                           cinit        005A5
__ptext4                            cinit        00281
__ptext40                           cinit        0054F
__ptext41                           cinit        005FF
__ptext42                           text42       007E3
__ptext43                           text43       00F71
__ptext44                           cinit        004E4
__ptext45                           text36       006BB
__ptext46                           cinit        003A9
__ptext47                           cinit        0052E
__ptext48                           cinit        0054A
__ptext49                           cinit        0052B
__ptext5                            cinit        0027C
__ptext50                           cinit        0051B
__ptext51                           cinit        00614
__ptext52                           cinit        004BB
__ptext53                           cinit        004CD
__ptext54                           cinit        00507
__ptext55                           cinit        00497
__ptext56                           cinit        00473
__ptext57                           text36       00714
__ptext58                           text36       0075B
__ptext59                           text59       007CD
__ptext6                            cinit        00277
__ptext7                            cinit        00271
__ptext8                            cinit        0025A
__ptext9                            cinit        00255
__size_of_ADC_Conversion            (abs)        00000
__size_of_ADC_Initialize_Default    (abs)        00000
__size_of_Audio_GetValue            (abs)        00000
__size_of_Audio_Initialize          (abs)        00000
__size_of_Audio_SelectSound         (abs)        00000
__size_of_Audio_SetPlayMode         (abs)        00000
__size_of_Audio_SetVolume           (abs)        00000
__size_of_Audio_StopSound           (abs)        00000
__size_of_EUSART_Initialize_Default (abs)        00000
__size_of_EUSART_Transmit_ISR       (abs)        00000
__size_of_EUSART_Write              (abs)        00000
__size_of_FLASH_EraseBlock          (abs)        00000
__size_of_FLASH_ReadBuffer          (abs)        00000
__size_of_FLASH_ReadByte            (abs)        00000
__size_of_FLASH_WriteBlock          (abs)        00000
__size_of_ISR                       (abs)        00000
__size_of_Interrupt_Initialize      (abs)        00000
__size_of_Key_Read                  (abs)        00000
__size_of_Key_Scan                  (abs)        00000
__size_of_Key_SetActionHandler      (abs)        00000
__size_of_Led_DynamicCloud          (abs)        00000
__size_of_Led_DynamicStorm          (abs)        00000
__size_of_Led_InitPara              (abs)        00000
__size_of_Led_Initialize            (abs)        00000
__size_of_Led_OnKeyPressed          (abs)        00000
__size_of_Led_Ramp                  (abs)        00000
__size_of_Led_Run                   (abs)        00000
__size_of_Led_RunMusic              (abs)        00000
__size_of_Led_SaveParaIfChanged     (abs)        00000
__size_of_Led_TurnOffRamp           (abs)        00000
__size_of_Led_TurnOnAllRamp         (abs)        00000
__size_of_Led_TurnOnBlueRamp        (abs)        00000
__size_of_Led_TurnOnWhiteRamp       (abs)        00000
__size_of_OSC_Initialize_Default    (abs)        00000
__size_of_PIN_Initialize            (abs)        00000
__size_of_PWM1_Initialize           (abs)        00000
__size_of_PWM1_LoadDutyValue        (abs)        00000
__size_of_PWM2_Initialize           (abs)        00000
__size_of_PWM3_Initialize           (abs)        00000
__size_of_PWM3_LoadDutyValue        (abs)        00000
__size_of_PWM4_Initialize           (abs)        00000
__size_of_SYSTEM_Initialize         (abs)        00000
__size_of_TMR2_ISR                  (abs)        00000
__size_of_TMR2_Initialize_Default   (abs)        00000
__size_of_TMR2_SetInterruptHandler  (abs)        00000
__size_of_TMR2_StartTimer           (abs)        00000
__size_of_Util_DecValue             (abs)        00000
__size_of_Util_IncValue             (abs)        00000
__size_of___wmul                    (abs)        00000
__size_of_main                      (abs)        00000
__size_ofi1_ADC_Conversion          (abs)        00000
__size_ofi1_Audio_SetVolume         (abs)        00000
__size_ofi1_Audio_StopSound         (abs)        00000
__size_ofi1_EUSART_Write            (abs)        00000
__size_ofi1_Led_Initialize          (abs)        00000
__size_ofi1_Led_TurnOffRamp         (abs)        00000
__size_ofi1_Led_TurnOnAllRamp       (abs)        00000
__size_ofi1_Led_TurnOnBlueRamp      (abs)        00000
__size_ofi1_Led_TurnOnWhiteRamp     (abs)        00000
__size_ofi1___wmul                  (abs)        00000
_adc_result                         bssBANK0     00039
_audio_value                        bssBANK0     00035
_gLedPara                           bssBANK1     000C0
_gLedRunPara                        bssBANK0     00020
_keyValue                           bssBANK0     0003D
_key_idle_cb                        bssBANK0     0002B
_key_press_cb                       bssBANK0     0002D
_loadDuty                           dataBANK0    0005D
_main                               cinit        00047
_tmr2_isr_handler                   bssBANK0     00037
_txBuf                              bssBANK1     000A0
_txHead                             bssBANK0     0003F
_txRemain                           bssBANK0     00040
_txTail                             bssBANK0     00041
btemp                               (abs)        0007E
clear_ram0                          clrtext      00F6B
end_of_initialization               cinit        00044
i1ADC_Conversion@chn                cstackCOMMON 00073
i1Audio_SetVolume@checksum          cstackCOMMON 00072
i1Audio_SetVolume@vol               cstackCOMMON 00071
i1Audio_StopSound@checksum          cstackCOMMON 00071
i1EUSART_Write@byte                 cstackCOMMON 00070
i1Led_TurnOffRamp@i                 cstackCOMMON 00070
i1Led_TurnOnAllRamp@i               cstackCOMMON 00070
i1_ADC_Conversion                   text36       0075B
i1_Audio_SetVolume                  cinit        004CD
i1_Audio_StopSound                  cinit        004BB
i1_EUSART_Write                     cinit        00507
i1_Led_Initialize                   cinit        0052E
i1_Led_TurnOffRamp                  cinit        00614
i1_Led_TurnOnAllRamp                cinit        0051B
i1_Led_TurnOnBlueRamp               cinit        0052B
i1_Led_TurnOnWhiteRamp              cinit        0054A
i1___wmul                           cinit        005FF
i1___wmul@multiplicand              cstackCOMMON 00072
i1___wmul@multiplier                cstackCOMMON 00070
i1___wmul@product                   cstackCOMMON 00074
int$flags                           (abs)        0007E
intlevel0                           functab      00000
intlevel1                           functab      00000
intlevel2                           functab      00000
intlevel3                           functab      00000
intlevel4                           functab      00000
intlevel5                           functab      00000
reset_vec                           reset_vec    00000
stackhi                             (abs)        020EF
stacklo                             (abs)        02090
start                               init         0001A
start_initialization                cinit        0001C
wtemp0                              (abs)        0007E


FUNCTION INFORMATION:

 *************** function _main *****************
 Defined at:
		line 27 in file "user/src/main.c"
 Parameters:    Size  Location     Type
		None
 Auto vars:     Size  Location     Type
		None
 Return value:  Size  Location     Type
                  1    wreg      void 
 Registers used:
		wreg, fsr0l, fsr0h, fsr1l, fsr1h, status,2, status,0, pclath, cstack
 Tracked objects:
		On entry : 
		On exit  : 
		Unchanged: 
 Data sizes:     COMMON   BANK0   BANK1   BANK2
      Params:         0       0       0       0
      Locals:         0       0       0       0
      Temps:          0       0       0       0
      Totals:         0       0       0       0
Total ram usage:        0 bytes
 Hardware stack levels required when called:   10
 This function calls:
		_Audio_GetValue
		_Audio_Initialize
		_Interrupt_Initialize
		_Led_InitPara
		_Led_Initialize
		_Led_SaveParaIfChanged
		_SYSTEM_Initialize
		_TMR2_StartTimer
 This function is called by:
		Startup code after reset
 This function uses a non-reentrant model


 *************** function _TMR2_StartTimer *****************
 Defined at:
		line 16 in file "driver/src/tmr2.c"
 Parameters:    Size  Location     Type
		None
 Auto vars:     Size  Location     Type
		None
 Return value:  Size  Location     Type
                  1    wreg      void 
 Registers used:
		None
 Tracked objects:
		On entry : 
		On exit  : 
		Unchanged: 
 Data sizes:     COMMON   BANK0   BANK1   BANK2
      Params:         0       0       0       0
      Locals:         0       0       0       0
      Temps:          0       0       0       0
      Totals:         0       0       0       0
Total ram usage:        0 bytes
 Hardware stack levels used:    1
 Hardware stack levels required when called:    7
 This function calls:
		Nothing
 This function is called by:
		_main
 This function uses a non-reentrant model


 *************** function _SYSTEM_Initialize *****************
 Defined at:
		line 74 in file "user/src/main.c"
 Parameters:    Size  Location     Type
		None
 Auto vars:     Size  Location     Type
		None
 Return value:  Size  Location     Type
                  1    wreg      void 
 Registers used:
		wreg, status,2, status,0, pclath, cstack
 Tracked objects:
		On entry : 
		On exit  : 
		Unchanged: 
 Data sizes:     COMMON   BANK0   BANK1   BANK2
      Params:         0       0       0       0
      Locals:         0       0       0       0
      Temps:          0       0       0       0
      Totals:         0       0       0       0
Total ram usage:        0 bytes
 Hardware stack levels used:    1
 Hardware stack levels required when called:    8
 This function calls:
		_ADC_Initialize_Default
		_EUSART_Initialize_Default
		_OSC_Initialize_Default
		_PIN_Initialize
		_PWM1_Initialize
		_PWM2_Initialize
		_PWM3_Initialize
		_PWM4_Initialize
		_TMR2_Initialize_Default
 This function is called by:
		_main
 This function uses a non-reentrant model


 *************** function _TMR2_Initialize_Default *****************
 Defined at:
		line 8 in file "driver/src/tmr2.c"
 Parameters:    Size  Location     Type
		None
 Auto vars:     Size  Location     Type
		None
 Return value:  Size  Location     Type
                  1    wreg      void 
 Registers used:
		wreg, status,2
 Tracked objects:
		On entry : 
		On exit  : 
		Unchanged: 
 Data sizes:     COMMON   BANK0   BANK1   BANK2
      Params:         0       0       0       0
      Locals:         0       0       0       0
      Temps:          0       0       0       0
      Totals:         0       0       0       0
Total ram usage:        0 bytes
 Hardware stack levels used:    1
 Hardware stack levels required when called:    7
 This function calls:
		Nothing
 This function is called by:
		_SYSTEM_Initialize
 This function uses a non-reentrant model


 *************** function _PWM4_Initialize *****************
 Defined at:
		line 41 in file "driver/src/pwm.c"
 Parameters:    Size  Location     Type
		None
 Auto vars:     Size  Location     Type
		None
 Return value:  Size  Location     Type
                  1    wreg      void 
 Registers used:
		wreg, status,2
 Tracked objects:
		On entry : 
		On exit  : 
		Unchanged: 
 Data sizes:     COMMON   BANK0   BANK1   BANK2
      Params:         0       0       0       0
      Locals:         0       0       0       0
      Temps:          0       0       0       0
      Totals:         0       0       0       0
Total ram usage:        0 bytes
 Hardware stack levels used:    1
 Hardware stack levels required when called:    7
 This function calls:
		Nothing
 This function is called by:
		_SYSTEM_Initialize
 This function uses a non-reentrant model


 *************** function _PWM3_Initialize *****************
 Defined at:
		line 30 in file "driver/src/pwm.c"
 Parameters:    Size  Location     Type
		None
 Auto vars:     Size  Location     Type
		None
 Return value:  Size  Location     Type
                  1    wreg      void 
 Registers used:
		wreg, status,2
 Tracked objects:
		On entry : 
		On exit  : 
		Unchanged: 
 Data sizes:     COMMON   BANK0   BANK1   BANK2
      Params:         0       0       0       0
      Locals:         0       0       0       0
      Temps:          0       0       0       0
      Totals:         0       0       0       0
Total ram usage:        0 bytes
 Hardware stack levels used:    1
 Hardware stack levels required when called:    7
 This function calls:
		Nothing
 This function is called by:
		_SYSTEM_Initialize
 This function uses a non-reentrant model


 *************** function _PWM2_Initialize *****************
 Defined at:
		line 19 in file "driver/src/pwm.c"
 Parameters:    Size  Location     Type
		None
 Auto vars:     Size  Location     Type
		None
 Return value:  Size  Location     Type
                  1    wreg      void 
 Registers used:
		wreg, status,2
 Tracked objects:
		On entry : 
		On exit  : 
		Unchanged: 
 Data sizes:     COMMON   BANK0   BANK1   BANK2
      Params:         0       0       0       0
      Locals:         0       0       0       0
      Temps:          0       0       0       0
      Totals:         0       0       0       0
Total ram usage:        0 bytes
 Hardware stack levels used:    1
 Hardware stack levels required when called:    7
 This function calls:
		Nothing
 This function is called by:
		_SYSTEM_Initialize
 This function uses a non-reentrant model


 *************** function _PWM1_Initialize *****************
 Defined at:
		line 8 in file "driver/src/pwm.c"
 Parameters:    Size  Location     Type
		None
 Auto vars:     Size  Location     Type
		None
 Return value:  Size  Location     Type
                  1    wreg      void 
 Registers used:
		wreg, status,2
 Tracked objects:
		On entry : 
		On exit  : 
		Unchanged: 
 Data sizes:     COMMON   BANK0   BANK1   BANK2
      Params:         0       0       0       0
      Locals:         0       0       0       0
      Temps:          0       0       0       0
      Totals:         0       0       0       0
Total ram usage:        0 bytes
 Hardware stack levels used:    1
 Hardware stack levels required when called:    7
 This function calls:
		Nothing
 This function is called by:
		_SYSTEM_Initialize
 This function uses a non-reentrant model


 *************** function _PIN_Initialize *****************
 Defined at:
		line 55 in file "user/src/main.c"
 Parameters:    Size  Location     Type
		None
 Auto vars:     Size  Location     Type
		None
 Return value:  Size  Location     Type
                  1    wreg      void 
 Registers used:
		wreg, status,2
 Tracked objects:
		On entry : 
		On exit  : 
		Unchanged: 
 Data sizes:     COMMON   BANK0   BANK1   BANK2
      Params:         0       0       0       0
      Locals:         0       0       0       0
      Temps:          0       0       0       0
      Totals:         0       0       0       0
Total ram usage:        0 bytes
 Hardware stack levels used:    1
 Hardware stack levels required when called:    7
 This function calls:
		Nothing
 This function is called by:
		_SYSTEM_Initialize
 This function uses a non-reentrant model


 *************** function _OSC_Initialize_Default *****************
 Defined at:
		line 6 in file "driver/src/osc.c"
 Parameters:    Size  Location     Type
		None
 Auto vars:     Size  Location     Type
		None
 Return value:  Size  Location     Type
                  1    wreg      void 
 Registers used:
		wreg
 Tracked objects:
		On entry : 
		On exit  : 
		Unchanged: 
 Data sizes:     COMMON   BANK0   BANK1   BANK2
      Params:         0       0       0       0
      Locals:         0       0       0       0
      Temps:          0       0       0       0
      Totals:         0       0       0       0
Total ram usage:        0 bytes
 Hardware stack levels used:    1
 Hardware stack levels required when called:    7
 This function calls:
		Nothing
 This function is called by:
		_SYSTEM_Initialize
 This function uses a non-reentrant model


 *************** function _EUSART_Initialize_Default *****************
 Defined at:
		line 20 in file "driver/src/eusart.c"
 Parameters:    Size  Location     Type
		None
 Auto vars:     Size  Location     Type
		None
 Return value:  Size  Location     Type
                  1    wreg      void 
 Registers used:
		wreg, status,2
 Tracked objects:
		On entry : 
		On exit  : 
		Unchanged: 
 Data sizes:     COMMON   BANK0   BANK1   BANK2
      Params:         0       0       0       0
      Locals:         0       0       0       0
      Temps:          0       0       0       0
      Totals:         0       0       0       0
Total ram usage:        0 bytes
 Hardware stack levels used:    1
 Hardware stack levels required when called:    7
 This function calls:
		Nothing
 This function is called by:
		_SYSTEM_Initialize
 This function uses a non-reentrant model


 *************** function _ADC_Initialize_Default *****************
 Defined at:
		line 14 in file "driver/src/adc.c"
 Parameters:    Size  Location     Type
		None
 Auto vars:     Size  Location     Type
		None
 Return value:  Size  Location     Type
                  1    wreg      void 
 Registers used:
		wreg, status,2
 Tracked objects:
		On entry : 
		On exit  : 
		Unchanged: 
 Data sizes:     COMMON   BANK0   BANK1   BANK2
      Params:         0       0       0       0
      Locals:         0       0       0       0
      Temps:          0       0       0       0
      Totals:         0       0       0       0
Total ram usage:        0 bytes
 Hardware stack levels used:    1
 Hardware stack levels required when called:    7
 This function calls:
		Nothing
 This function is called by:
		_SYSTEM_Initialize
 This function uses a non-reentrant model


 *************** function _Led_SaveParaIfChanged *****************
 Defined at:
		line 78 in file "user/src/led.c"
 Parameters:    Size  Location     Type
		None
 Auto vars:     Size  Location     Type
		None
 Return value:  Size  Location     Type
                  1    wreg      void 
 Registers used:
		wreg, fsr1l, fsr1h, status,2, status,0, pclath, cstack
 Tracked objects:
		On entry : 
		On exit  : 
		Unchanged: 
 Data sizes:     COMMON   BANK0   BANK1   BANK2
      Params:         0       0       0       0
      Locals:         0       0       0       0
      Temps:          0       1       0       0
      Totals:         0       1       0       0
Total ram usage:        1 bytes
 Hardware stack levels used:    1
 Hardware stack levels required when called:    9
 This function calls:
		_FLASH_WriteBlock
 This function is called by:
		_main
 This function uses a non-reentrant model


 *************** function _FLASH_WriteBlock *****************
 Defined at:
		line 35 in file "driver/src/flash.c"
 Parameters:    Size  Location     Type
  addr            2   10[BANK0 ] unsigned int 
  buf             1   12[BANK0 ] PTR unsigned char 
		 -> gLedPara(32), 
 Auto vars:     Size  Location     Type
  start_addr      2   15[BANK0 ] unsigned int 
  i               1   17[BANK0 ] unsigned char 
  state           1   14[BANK0 ] unsigned char 
 Return value:  Size  Location     Type
                  1    wreg      unsigned char 
 Registers used:
		wreg, fsr1l, fsr1h, status,2, status,0, pclath, cstack
 Tracked objects:
		On entry : 
		On exit  : 
		Unchanged: 
 Data sizes:     COMMON   BANK0   BANK1   BANK2
      Params:         0       3       0       0
      Locals:         0       4       0       0
      Temps:          0       1       0       0
      Totals:         0       8       0       0
Total ram usage:        8 bytes
 Hardware stack levels used:    1
 Hardware stack levels required when called:    8
 This function calls:
		_FLASH_EraseBlock
 This function is called by:
		_Led_SaveParaIfChanged
 This function uses a non-reentrant model


 *************** function _FLASH_EraseBlock *****************
 Defined at:
		line 3 in file "driver/src/flash.c"
 Parameters:    Size  Location     Type
  addr            2    7[BANK0 ] unsigned int 
 Auto vars:     Size  Location     Type
  state           1    9[BANK0 ] unsigned char 
 Return value:  Size  Location     Type
                  1    wreg      void 
 Registers used:
		wreg, status,2
 Tracked objects:
		On entry : 
		On exit  : 
		Unchanged: 
 Data sizes:     COMMON   BANK0   BANK1   BANK2
      Params:         0       2       0       0
      Locals:         0       1       0       0
      Temps:          0       0       0       0
      Totals:         0       3       0       0
Total ram usage:        3 bytes
 Hardware stack levels used:    1
 Hardware stack levels required when called:    7
 This function calls:
		Nothing
 This function is called by:
		_FLASH_WriteBlock
 This function uses a non-reentrant model


 *************** function _Led_Initialize *****************
 Defined at:
		line 57 in file "user/src/led.c"
 Parameters:    Size  Location     Type
		None
 Auto vars:     Size  Location     Type
		None
 Return value:  Size  Location     Type
                  1    wreg      void 
 Registers used:
		wreg, fsr0l, fsr0h, fsr1l, fsr1h, status,2, status,0, pclath, cstack
 Tracked objects:
		On entry : 
		On exit  : 
		Unchanged: 
 Data sizes:     COMMON   BANK0   BANK1   BANK2
      Params:         0       0       0       0
      Locals:         0       0       0       0
      Temps:          0       0       0       0
      Totals:         0       0       0       0
Total ram usage:        0 bytes
 Hardware stack levels used:    1
 Hardware stack levels required when called:    8
 This function calls:
		_Led_TurnOffRamp
		_Led_TurnOnAllRamp
		_Led_TurnOnBlueRamp
		_Led_TurnOnWhiteRamp
 This function is called by:
		_main
 This function uses a non-reentrant model


 *************** function _Led_TurnOnWhiteRamp *****************
 Defined at:
		line 99 in file "user/src/led.c"
 Parameters:    Size  Location     Type
		None
 Auto vars:     Size  Location     Type
		None
 Return value:  Size  Location     Type
                  1    wreg      void 
 Registers used:
		wreg, status,2
 Tracked objects:
		On entry : 
		On exit  : 
		Unchanged: 
 Data sizes:     COMMON   BANK0   BANK1   BANK2
      Params:         0       0       0       0
      Locals:         0       0       0       0
      Temps:          0       0       0       0
      Totals:         0       0       0       0
Total ram usage:        0 bytes
 Hardware stack levels used:    1
 Hardware stack levels required when called:    7
 This function calls:
		Nothing
 This function is called by:
		_Led_Initialize
 This function uses a non-reentrant model


 *************** function _Led_TurnOnBlueRamp *****************
 Defined at:
		line 105 in file "user/src/led.c"
 Parameters:    Size  Location     Type
		None
 Auto vars:     Size  Location     Type
		None
 Return value:  Size  Location     Type
                  1    wreg      void 
 Registers used:
		wreg, status,2
 Tracked objects:
		On entry : 
		On exit  : 
		Unchanged: 
 Data sizes:     COMMON   BANK0   BANK1   BANK2
      Params:         0       0       0       0
      Locals:         0       0       0       0
      Temps:          0       0       0       0
      Totals:         0       0       0       0
Total ram usage:        0 bytes
 Hardware stack levels used:    1
 Hardware stack levels required when called:    7
 This function calls:
		Nothing
 This function is called by:
		_Led_Initialize
 This function uses a non-reentrant model


 *************** function _Led_TurnOnAllRamp *****************
 Defined at:
		line 92 in file "user/src/led.c"
 Parameters:    Size  Location     Type
		None
 Auto vars:     Size  Location     Type
  i               1    7[BANK0 ] unsigned char 
 Return value:  Size  Location     Type
                  1    wreg      void 
 Registers used:
		wreg, fsr1l, fsr1h, status,2, status,0
 Tracked objects:
		On entry : 
		On exit  : 
		Unchanged: 
 Data sizes:     COMMON   BANK0   BANK1   BANK2
      Params:         0       0       0       0
      Locals:         0       1       0       0
      Temps:          0       0       0       0
      Totals:         0       1       0       0
Total ram usage:        1 bytes
 Hardware stack levels used:    1
 Hardware stack levels required when called:    7
 This function calls:
		Nothing
 This function is called by:
		_Led_Initialize
 This function uses a non-reentrant model


 *************** function _Led_TurnOffRamp *****************
 Defined at:
		line 111 in file "user/src/led.c"
 Parameters:    Size  Location     Type
		None
 Auto vars:     Size  Location     Type
  i               1    7[BANK0 ] unsigned char 
 Return value:  Size  Location     Type
                  1    wreg      void 
 Registers used:
		wreg, fsr1l, fsr1h, status,2, status,0
 Tracked objects:
		On entry : 
		On exit  : 
		Unchanged: 
 Data sizes:     COMMON   BANK0   BANK1   BANK2
      Params:         0       0       0       0
      Locals:         0       1       0       0
      Temps:          0       0       0       0
      Totals:         0       1       0       0
Total ram usage:        1 bytes
 Hardware stack levels used:    1
 Hardware stack levels required when called:    7
 This function calls:
		Nothing
 This function is called by:
		_Led_Initialize
 This function uses a non-reentrant model


 *************** function _Led_InitPara *****************
 Defined at:
		line 12 in file "user/src/led.c"
 Parameters:    Size  Location     Type
		None
 Auto vars:     Size  Location     Type
		None
 Return value:  Size  Location     Type
                  1    wreg      void 
 Registers used:
		wreg, fsr1l, fsr1h, status,2, status,0, pclath, cstack
 Tracked objects:
		On entry : 
		On exit  : 
		Unchanged: 
 Data sizes:     COMMON   BANK0   BANK1   BANK2
      Params:         0       0       0       0
      Locals:         0       0       0       0
      Temps:          0       1       0       0
      Totals:         0       1       0       0
Total ram usage:        1 bytes
 Hardware stack levels used:    1
 Hardware stack levels required when called:    9
 This function calls:
		_FLASH_ReadBuffer
 This function is called by:
		_main
 This function uses a non-reentrant model


 *************** function _FLASH_ReadBuffer *****************
 Defined at:
		line 86 in file "driver/src/flash.c"
 Parameters:    Size  Location     Type
  buf             1    wreg     PTR unsigned char 
		 -> gLedPara(32), 
  addr            2   10[BANK0 ] unsigned int 
  size            1   12[BANK0 ] unsigned char 
 Auto vars:     Size  Location     Type
  buf             1   14[BANK0 ] PTR unsigned char 
		 -> gLedPara(32), 
  i               1   15[BANK0 ] unsigned char 
 Return value:  Size  Location     Type
                  1    wreg      void 
 Registers used:
		wreg, fsr1l, fsr1h, status,2, status,0, pclath, cstack
 Tracked objects:
		On entry : 
		On exit  : 
		Unchanged: 
 Data sizes:     COMMON   BANK0   BANK1   BANK2
      Params:         0       3       0       0
      Locals:         0       2       0       0
      Temps:          0       1       0       0
      Totals:         0       6       0       0
Total ram usage:        6 bytes
 Hardware stack levels used:    1
 Hardware stack levels required when called:    8
 This function calls:
		_FLASH_ReadByte
 This function is called by:
		_Led_InitPara
 This function uses a non-reentrant model


 *************** function _FLASH_ReadByte *****************
 Defined at:
		line 73 in file "driver/src/flash.c"
 Parameters:    Size  Location     Type
  addr            2    7[BANK0 ] unsigned int 
 Auto vars:     Size  Location     Type
  state           1    9[BANK0 ] unsigned char 
 Return value:  Size  Location     Type
                  1    wreg      unsigned char 
 Registers used:
		wreg, status,2
 Tracked objects:
		On entry : 
		On exit  : 
		Unchanged: 
 Data sizes:     COMMON   BANK0   BANK1   BANK2
      Params:         0       2       0       0
      Locals:         0       1       0       0
      Temps:          0       0       0       0
      Totals:         0       3       0       0
Total ram usage:        3 bytes
 Hardware stack levels used:    1
 Hardware stack levels required when called:    7
 This function calls:
		Nothing
 This function is called by:
		_FLASH_ReadBuffer
 This function uses a non-reentrant model


 *************** function _Interrupt_Initialize *****************
 Defined at:
		line 87 in file "user/src/main.c"
 Parameters:    Size  Location     Type
		None
 Auto vars:     Size  Location     Type
		None
 Return value:  Size  Location     Type
                  1    wreg      void 
 Registers used:
		wreg, status,2, status,0, pclath, cstack
 Tracked objects:
		On entry : 
		On exit  : 
		Unchanged: 
 Data sizes:     COMMON   BANK0   BANK1   BANK2
      Params:         0       0       0       0
      Locals:         0       0       0       0
      Temps:          0       0       0       0
      Totals:         0       0       0       0
Total ram usage:        0 bytes
 Hardware stack levels used:    1
 Hardware stack levels required when called:    8
 This function calls:
		_Key_SetActionHandler
		_TMR2_SetInterruptHandler
 This function is called by:
		_main
 This function uses a non-reentrant model


 *************** function _TMR2_SetInterruptHandler *****************
 Defined at:
		line 31 in file "driver/src/tmr2.c"
 Parameters:    Size  Location     Type
  handler         2    7[BANK0 ] PTR FTN()void 
		 -> Led_Run(1), 
 Auto vars:     Size  Location     Type
		None
 Return value:  Size  Location     Type
                  1    wreg      void 
 Registers used:
		wreg
 Tracked objects:
		On entry : 
		On exit  : 
		Unchanged: 
 Data sizes:     COMMON   BANK0   BANK1   BANK2
      Params:         0       2       0       0
      Locals:         0       0       0       0
      Temps:          0       0       0       0
      Totals:         0       2       0       0
Total ram usage:        2 bytes
 Hardware stack levels used:    1
 Hardware stack levels required when called:    7
 This function calls:
		Nothing
 This function is called by:
		_Interrupt_Initialize
 This function uses a non-reentrant model


 *************** function _Key_SetActionHandler *****************
 Defined at:
		line 68 in file "user/src/key.c"
 Parameters:    Size  Location     Type
  handler         2    7[BANK0 ] PTR FTN(unsigned char ,)
		 -> Led_OnKeyPressed(1), 
 Auto vars:     Size  Location     Type
		None
 Return value:  Size  Location     Type
                  1    wreg      void 
 Registers used:
		wreg
 Tracked objects:
		On entry : 
		On exit  : 
		Unchanged: 
 Data sizes:     COMMON   BANK0   BANK1   BANK2
      Params:         0       2       0       0
      Locals:         0       0       0       0
      Temps:          0       0       0       0
      Totals:         0       2       0       0
Total ram usage:        2 bytes
 Hardware stack levels used:    1
 Hardware stack levels required when called:    7
 This function calls:
		Nothing
 This function is called by:
		_Interrupt_Initialize
 This function uses a non-reentrant model


 *************** function _Audio_Initialize *****************
 Defined at:
		line 47 in file "user/src/led.c"
 Parameters:    Size  Location     Type
		None
 Auto vars:     Size  Location     Type
		None
 Return value:  Size  Location     Type
                  1    wreg      void 
 Registers used:
		wreg, fsr0l, fsr0h, fsr1l, fsr1h, status,2, status,0, pclath, cstack
 Tracked objects:
		On entry : 
		On exit  : 
		Unchanged: 
 Data sizes:     COMMON   BANK0   BANK1   BANK2
      Params:         0       0       0       0
      Locals:         0       2       0       0
      Temps:          0       2       0       0
      Totals:         0       4       0       0
Total ram usage:        4 bytes
 Hardware stack levels used:    1
 Hardware stack levels required when called:    9
 This function calls:
		_Audio_SetPlayMode
		_Audio_SetVolume
		_Audio_StopSound
 This function is called by:
		_main
 This function uses a non-reentrant model


 *************** function _Audio_StopSound *****************
 Defined at:
		line 15 in file "user/src/audio.c"
 Parameters:    Size  Location     Type
		None
 Auto vars:     Size  Location     Type
  checksum        1    8[BANK0 ] unsigned char 
 Return value:  Size  Location     Type
                  1    wreg      void 
 Registers used:
		wreg, fsr1l, fsr1h, status,2, status,0, pclath, cstack
 Tracked objects:
		On entry : 
		On exit  : 
		Unchanged: 
 Data sizes:     COMMON   BANK0   BANK1   BANK2
      Params:         0       0       0       0
      Locals:         0       1       0       0
      Temps:          0       0       0       0
      Totals:         0       1       0       0
Total ram usage:        1 bytes
 Hardware stack levels used:    1
 Hardware stack levels required when called:    8
 This function calls:
		_EUSART_Write
 This function is called by:
		_Audio_Initialize
 This function uses a non-reentrant model


 *************** function _Audio_SetVolume *****************
 Defined at:
		line 50 in file "user/src/audio.c"
 Parameters:    Size  Location     Type
  vol             1    wreg     unsigned char 
 Auto vars:     Size  Location     Type
  vol             1    8[BANK0 ] unsigned char 
  checksum        1    9[BANK0 ] unsigned char 
 Return value:  Size  Location     Type
                  1    wreg      void 
 Registers used:
		wreg, fsr1l, fsr1h, status,2, status,0, pclath, cstack
 Tracked objects:
		On entry : 
		On exit  : 
		Unchanged: 
 Data sizes:     COMMON   BANK0   BANK1   BANK2
      Params:         0       0       0       0
      Locals:         0       2       0       0
      Temps:          0       0       0       0
      Totals:         0       2       0       0
Total ram usage:        2 bytes
 Hardware stack levels used:    1
 Hardware stack levels required when called:    8
 This function calls:
		_EUSART_Write
 This function is called by:
		_Audio_Initialize
 This function uses a non-reentrant model


 *************** function _Audio_SetPlayMode *****************
 Defined at:
		line 39 in file "user/src/audio.c"
 Parameters:    Size  Location     Type
  type            1    wreg     unsigned char 
 Auto vars:     Size  Location     Type
  type            1    8[BANK0 ] unsigned char 
  checksum        1    9[BANK0 ] unsigned char 
 Return value:  Size  Location     Type
                  1    wreg      void 
 Registers used:
		wreg, fsr1l, fsr1h, status,2, status,0, pclath, cstack
 Tracked objects:
		On entry : 
		On exit  : 
		Unchanged: 
 Data sizes:     COMMON   BANK0   BANK1   BANK2
      Params:         0       0       0       0
      Locals:         0       2       0       0
      Temps:          0       0       0       0
      Totals:         0       2       0       0
Total ram usage:        2 bytes
 Hardware stack levels used:    1
 Hardware stack levels required when called:    8
 This function calls:
		_EUSART_Write
 This function is called by:
		_Audio_Initialize
 This function uses a non-reentrant model


 *************** function _EUSART_Write *****************
 Defined at:
		line 35 in file "driver/src/eusart.c"
 Parameters:    Size  Location     Type
  byte            1    wreg     unsigned char 
 Auto vars:     Size  Location     Type
  byte            1    7[BANK0 ] unsigned char 
 Return value:  Size  Location     Type
                  1    wreg      unsigned char 
 Registers used:
		wreg, fsr1l, fsr1h, status,2, status,0
 Tracked objects:
		On entry : 
		On exit  : 
		Unchanged: 
 Data sizes:     COMMON   BANK0   BANK1   BANK2
      Params:         0       0       0       0
      Locals:         0       1       0       0
      Temps:          0       0       0       0
      Totals:         0       1       0       0
Total ram usage:        1 bytes
 Hardware stack levels used:    1
 Hardware stack levels required when called:    7
 This function calls:
		Nothing
 This function is called by:
		_Audio_StopSound
		_Audio_SetPlayMode
		_Audio_SetVolume
 This function uses a non-reentrant model


 *************** function _Audio_GetValue *****************
 Defined at:
		line 61 in file "user/src/audio.c"
 Parameters:    Size  Location     Type
		None
 Auto vars:     Size  Location     Type
  value           2   17[BANK0 ] unsigned int 
 Return value:  Size  Location     Type
                  1    wreg      void 
 Registers used:
		wreg, status,2, status,0, pclath, cstack
 Tracked objects:
		On entry : 
		On exit  : 
		Unchanged: 
 Data sizes:     COMMON   BANK0   BANK1   BANK2
      Params:         0       0       0       0
      Locals:         0       2       0       0
      Temps:          0       4       0       0
      Totals:         0       6       0       0
Total ram usage:        6 bytes
 Hardware stack levels used:    1
 Hardware stack levels required when called:    8
 This function calls:
		_ADC_Conversion
		___wmul
 This function is called by:
		_main
 This function uses a non-reentrant model


 *************** function ___wmul *****************
 Defined at:
		line 15 in file "D:\Program Files\Microchip\xc8\v1.41\sources\common\Umul16.c"
 Parameters:    Size  Location     Type
  multiplier      2    7[BANK0 ] unsigned int 
  multiplicand    2    9[BANK0 ] unsigned int 
 Auto vars:     Size  Location     Type
  product         2   11[BANK0 ] unsigned int 
 Return value:  Size  Location     Type
                  2    7[BANK0 ] unsigned int 
 Registers used:
		wreg, status,2, status,0
 Tracked objects:
		On entry : 
		On exit  : 
		Unchanged: 
 Data sizes:     COMMON   BANK0   BANK1   BANK2
      Params:         0       4       0       0
      Locals:         0       2       0       0
      Temps:          0       0       0       0
      Totals:         0       6       0       0
Total ram usage:        6 bytes
 Hardware stack levels used:    1
 Hardware stack levels required when called:    7
 This function calls:
		Nothing
 This function is called by:
		_Audio_GetValue
 This function uses a non-reentrant model


 *************** function _ADC_Conversion *****************
 Defined at:
		line 22 in file "driver/src/adc.c"
 Parameters:    Size  Location     Type
  chn             1    wreg     unsigned char 
 Auto vars:     Size  Location     Type
[...]
 Data sizes:     COMMON   BANK0   BANK1   BANK2
      Params:         0       0       0       0
      Locals:         2       0       0       0
      Temps:          0       0       0       0
      Totals:         2       0       0       0
Total ram usage:        2 bytes
 Hardware stack levels used:    1
 Hardware stack levels required when called:    1
 This function calls:
		i1_EUSART_Write
 This function is called by:
		_Led_RunMusic
 This function uses a non-reentrant model


 *************** function _Key_Scan *****************
 Defined at:
		line 24 in file "user/src/key.c"
 Parameters:    Size  Location     Type
		None
 Auto vars:     Size  Location     Type
  keyNum          1   13[COMMON] unsigned char 
 Return value:  Size  Location     Type
                  1    wreg      void 
 Registers used:
		wreg, fsr0l, fsr0h, fsr1l, fsr1h, status,2, status,0, pclath, cstack
 Tracked objects:
		On entry : 
		On exit  : 
		Unchanged: 
 Data sizes:     COMMON   BANK0   BANK1   BANK2
      Params:         0       0       0       0
      Locals:         1       0       0       0
      Temps:          0       0       0       0
      Totals:         1       0       0       0
Total ram usage:        1 bytes
 Hardware stack levels used:    1
 Hardware stack levels required when called:    3
 This function calls:
		Absolute function
		_Key_Read
		_Led_OnKeyPressed
 This function is called by:
		_Led_Run
 This function uses a non-reentrant model


 *************** function _Led_OnKeyPressed *****************
 Defined at:
		line 118 in file "user/src/led.c"
 Parameters:    Size  Location     Type
  key             1    9[COMMON] unsigned char 
 Auto vars:     Size  Location     Type
		None
 Return value:  Size  Location     Type
                  1    wreg      void 
 Registers used:
		wreg, fsr0l, fsr0h, fsr1l, fsr1h, status,2, status,0, pclath, cstack
 Tracked objects:
		On entry : 
		On exit  : 
		Unchanged: 
 Data sizes:     COMMON   BANK0   BANK1   BANK2
      Params:         1       0       0       0
      Locals:         2       0       0       0
      Temps:          1       0       0       0
      Totals:         4       0       0       0
Total ram usage:        4 bytes
 Hardware stack levels used:    1
 Hardware stack levels required when called:    2
 This function calls:
		_Util_DecValue
		_Util_IncValue
		i1_Audio_SetVolume
		i1_Audio_StopSound
		i1_Led_Initialize
		i1_Led_TurnOnAllRamp
		i1_Led_TurnOnBlueRamp
		i1_Led_TurnOnWhiteRamp
 This function is called by:
		_Interrupt_Initialize
		_Key_Scan
 This function uses a non-reentrant model


 *************** function i1_Led_Initialize *****************
 Defined at:
		line 57 in file "user/src/led.c"
 Parameters:    Size  Location     Type
		None
 Auto vars:     Size  Location     Type
		None
 Return value:  Size  Location     Type
                  1    wreg      void 
 Registers used:
		wreg, fsr0l, fsr0h, fsr1l, fsr1h, status,2, status,0, pclath, cstack
 Tracked objects:
		On entry : 
		On exit  : 
		Unchanged: 
 Data sizes:     COMMON   BANK0   BANK1   BANK2
      Params:         0       0       0       0
      Locals:         0       0       0       0
      Temps:          0       0       0       0
      Totals:         0       0       0       0
Total ram usage:        0 bytes
 Hardware stack levels used:    1
 Hardware stack levels required when called:    1
 This function calls:
		i1_Led_TurnOffRamp
		i1_Led_TurnOnAllRamp
		i1_Led_TurnOnBlueRamp
		i1_Led_TurnOnWhiteRamp
 This function is called by:
		_Led_OnKeyPressed
 This function uses a non-reentrant model


 *************** function i1_Led_TurnOnWhiteRamp *****************
 Defined at:
		line 99 in file "user/src/led.c"
 Parameters:    Size  Location     Type
		None
 Auto vars:     Size  Location     Type
		None
 Return value:  Size  Location     Type
                  1    wreg      void 
 Registers used:
		wreg, status,2
 Tracked objects:
		On entry : 
		On exit  : 
		Unchanged: 
 Data sizes:     COMMON   BANK0   BANK1   BANK2
      Params:         0       0       0       0
      Locals:         0       0       0       0
      Temps:          0       0       0       0
      Totals:         0       0       0       0
Total ram usage:        0 bytes
 Hardware stack levels used:    1
 This function calls:
		Nothing
 This function is called by:
		_Led_OnKeyPressed
		i1_Led_Initialize
 This function uses a non-reentrant model


 *************** function i1_Led_TurnOnBlueRamp *****************
 Defined at:
		line 105 in file "user/src/led.c"
 Parameters:    Size  Location     Type
		None
 Auto vars:     Size  Location     Type
		None
 Return value:  Size  Location     Type
                  1    wreg      void 
 Registers used:
		wreg, status,2
 Tracked objects:
		On entry : 
		On exit  : 
		Unchanged: 
 Data sizes:     COMMON   BANK0   BANK1   BANK2
      Params:         0       0       0       0
      Locals:         0       0       0       0
      Temps:          0       0       0       0
      Totals:         0       0       0       0
Total ram usage:        0 bytes
 Hardware stack levels used:    1
 This function calls:
		Nothing
 This function is called by:
		_Led_OnKeyPressed
		i1_Led_Initialize
 This function uses a non-reentrant model


 *************** function i1_Led_TurnOnAllRamp *****************
 Defined at:
		line 92 in file "user/src/led.c"
 Parameters:    Size  Location     Type
		None
 Auto vars:     Size  Location     Type
  Led_TurnOnAl    1    0[COMMON] unsigned char 
 Return value:  Size  Location     Type
                  1    wreg      void 
 Registers used:
		wreg, fsr1l, fsr1h, status,2, status,0
 Tracked objects:
		On entry : 
		On exit  : 
		Unchanged: 
 Data sizes:     COMMON   BANK0   BANK1   BANK2
      Params:         0       0       0       0
      Locals:         1       0       0       0
      Temps:          0       0       0       0
      Totals:         1       0       0       0
Total ram usage:        1 bytes
 Hardware stack levels used:    1
 This function calls:
		Nothing
 This function is called by:
		_Led_OnKeyPressed
		i1_Led_Initialize
 This function uses a non-reentrant model


 *************** function i1_Led_TurnOffRamp *****************
 Defined at:
		line 111 in file "user/src/led.c"
 Parameters:    Size  Location     Type
		None
 Auto vars:     Size  Location     Type
  Led_TurnOffR    1    0[COMMON] unsigned char 
 Return value:  Size  Location     Type
                  1    wreg      void 
 Registers used:
		wreg, fsr1l, fsr1h, status,2, status,0
 Tracked objects:
		On entry : 
		On exit  : 
		Unchanged: 
 Data sizes:     COMMON   BANK0   BANK1   BANK2
      Params:         0       0       0       0
      Locals:         1       0       0       0
      Temps:          0       0       0       0
      Totals:         1       0       0       0
Total ram usage:        1 bytes
 Hardware stack levels used:    1
 This function calls:
		Nothing
 This function is called by:
		i1_Led_Initialize
 This function uses a non-reentrant model


 *************** function i1_Audio_StopSound *****************
 Defined at:
		line 15 in file "user/src/audio.c"
 Parameters:    Size  Location     Type
		None
 Auto vars:     Size  Location     Type
  Audio_StopSo    1    1[COMMON] unsigned char 
 Return value:  Size  Location     Type
                  1    wreg      void 
 Registers used:
		wreg, fsr1l, fsr1h, status,2, status,0, pclath, cstack
 Tracked objects:
		On entry : 
		On exit  : 
		Unchanged: 
 Data sizes:     COMMON   BANK0   BANK1   BANK2
      Params:         0       0       0       0
      Locals:         1       0       0       0
      Temps:          0       0       0       0
      Totals:         1       0       0       0
Total ram usage:        1 bytes
 Hardware stack levels used:    1
 Hardware stack levels required when called:    1
 This function calls:
		i1_EUSART_Write
 This function is called by:
		_Led_OnKeyPressed
 This function uses a non-reentrant model


 *************** function i1_Audio_SetVolume *****************
 Defined at:
		line 50 in file "user/src/audio.c"
 Parameters:    Size  Location     Type
  vol             1    wreg     unsigned char 
 Auto vars:     Size  Location     Type
  vol             1    1[COMMON] unsigned char 
  Audio_SetVol    1    2[COMMON] unsigned char 
 Return value:  Size  Location     Type
                  1    wreg      void 
 Registers used:
		wreg, fsr1l, fsr1h, status,2, status,0, pclath, cstack
 Tracked objects:
		On entry : 
		On exit  : 
		Unchanged: 
 Data sizes:     COMMON   BANK0   BANK1   BANK2
      Params:         0       0       0       0
      Locals:         2       0       0       0
      Temps:          0       0       0       0
      Totals:         2       0       0       0
Total ram usage:        2 bytes
 Hardware stack levels used:    1
 Hardware stack levels required when called:    1
 This function calls:
		i1_EUSART_Write
 This function is called by:
		_Led_OnKeyPressed
 This function uses a non-reentrant model


 *************** function i1_EUSART_Write *****************
 Defined at:
		line 35 in file "driver/src/eusart.c"
 Parameters:    Size  Location     Type
  byte            1    wreg     unsigned char 
 Auto vars:     Size  Location     Type
  byte            1    0[COMMON] unsigned char 
 Return value:  Size  Location     Type
                  1    wreg      unsigned char 
 Registers used:
		wreg, fsr1l, fsr1h, status,2, status,0
 Tracked objects:
		On entry : 
		On exit  : 
		Unchanged: 
 Data sizes:     COMMON   BANK0   BANK1   BANK2
      Params:         0       0       0       0
      Locals:         1       0       0       0
      Temps:          0       0       0       0
      Totals:         1       0       0       0
Total ram usage:        1 bytes
 Hardware stack levels used:    1
 This function calls:
		Nothing
 This function is called by:
		_Audio_SelectSound
		i1_Audio_StopSound
		i1_Audio_SetVolume
 This function uses a non-reentrant model


 *************** function _Util_IncValue *****************
 Defined at:
		line 3 in file "user/src/util.c"
 Parameters:    Size  Location     Type
  pSrc            1    wreg     PTR unsigned int 
		 -> gLedPara.blue_bright(2), gLedPara.white_bright(2), gLedPara.all_bright(2), gLedPara(32), 
  max             2    0[COMMON] unsigned int 
  delta           2    2[COMMON] unsigned int 
 Auto vars:     Size  Location     Type
  pSrc            1    8[COMMON] PTR unsigned int 
		 -> gLedPara.blue_bright(2), gLedPara.white_bright(2), gLedPara.all_bright(2), gLedPara(32), 
 Return value:  Size  Location     Type
                  1    wreg      void 
 Registers used:
		wreg, fsr1l, fsr1h, status,2, status,0
 Tracked objects:
		On entry : 
		On exit  : 
		Unchanged: 
 Data sizes:     COMMON   BANK0   BANK1   BANK2
      Params:         4       0       0       0
      Locals:         1       0       0       0
      Temps:          4       0       0       0
      Totals:         9       0       0       0
Total ram usage:        9 bytes
 Hardware stack levels used:    1
 This function calls:
		Nothing
 This function is called by:
		_Led_OnKeyPressed
 This function uses a non-reentrant model


 *************** function _Util_DecValue *****************
 Defined at:
		line 15 in file "user/src/util.c"
 Parameters:    Size  Location     Type
  pSrc            1    wreg     PTR unsigned int 
		 -> gLedPara.blue_bright(2), gLedPara.white_bright(2), gLedPara.all_bright(2), gLedPara(32), 
  min             2    0[COMMON] unsigned int 
  delta           2    2[COMMON] unsigned int 
 Auto vars:     Size  Location     Type
  pSrc            1    8[COMMON] PTR unsigned int 
		 -> gLedPara.blue_bright(2), gLedPara.white_bright(2), gLedPara.all_bright(2), gLedPara(32), 
 Return value:  Size  Location     Type
                  1    wreg      void 
 Registers used:
		wreg, fsr1l, fsr1h, status,2, status,0
 Tracked objects:
		On entry : 
		On exit  : 
		Unchanged: 
 Data sizes:     COMMON   BANK0   BANK1   BANK2
      Params:         4       0       0       0
      Locals:         1       0       0       0
      Temps:          4       0       0       0
      Totals:         9       0       0       0
Total ram usage:        9 bytes
 Hardware stack levels used:    1
 This function calls:
		Nothing
 This function is called by:
		_Led_OnKeyPressed
 This function uses a non-reentrant model


 *************** function _Key_Read *****************
 Defined at:
		line 7 in file "user/src/key.c"
 Parameters:    Size  Location     Type
		None
 Auto vars:     Size  Location     Type
  value           2    4[COMMON] unsigned int 
 Return value:  Size  Location     Type
                  1    wreg      unsigned char 
 Registers used:
		wreg, status,2, status,0, pclath, cstack
 Tracked objects:
		On entry : 
		On exit  : 
		Unchanged: 
 Data sizes:     COMMON   BANK0   BANK1   BANK2
      Params:         0       0       0       0
      Locals:         2       0       0       0
      Temps:          0       0       0       0
      Totals:         2       0       0       0
Total ram usage:        2 bytes
 Hardware stack levels used:    1
 Hardware stack levels required when called:    1
 This function calls:
		i1_ADC_Conversion
 This function is called by:
		_Key_Scan
 This function uses a non-reentrant model


 *************** function i1_ADC_Conversion *****************
 Defined at:
		line 22 in file "driver/src/adc.c"
 Parameters:    Size  Location     Type
  chn             1    wreg     unsigned char 
 Auto vars:     Size  Location     Type
  chn             1    3[COMMON] unsigned char 
 Return value:  Size  Location     Type
                  2    0[COMMON] unsigned int 
 Registers used:
		wreg, status,2, status,0
 Tracked objects:
		On entry : 
		On exit  : 
		Unchanged: 
 Data sizes:     COMMON   BANK0   BANK1   BANK2
      Params:         2       0       0       0
      Locals:         1       0       0       0
      Temps:          1       0       0       0
      Totals:         4       0       0       0
Total ram usage:        4 bytes
 Hardware stack levels used:    1
 This function calls:
		Nothing
 This function is called by:
		_Key_Read
 This function uses a non-reentrant model


 *************** function _EUSART_Transmit_ISR *****************
 Defined at:
		line 66 in file "driver/src/eusart.c"
 Parameters:    Size  Location     Type
		None
 Auto vars:     Size  Location     Type
		None
 Return value:  Size  Location     Type
                  1    wreg      void 
 Registers used:
		wreg, fsr1l, fsr1h, status,2, status,0
 Tracked objects:
		On entry : 
		On exit  : 
		Unchanged: 
 Data sizes:     COMMON   BANK0   BANK1   BANK2
      Params:         0       0       0       0
      Locals:         0       0       0       0
      Temps:          0       0       0       0
      Totals:         0       0       0       0
Total ram usage:        0 bytes
 Hardware stack levels used:    1
 This function calls:
		Nothing
 This function is called by:
		_ISR
 This function uses a non-reentrant model



MODULE INFORMATION

Module		Function		Class		Link	Load	Size
driver/src/eusart.c
		_EUSART_Write  		CODE           	0160	0000	22
		_EUSART_Transmit_ISR		CODE           	07CD	0000	23
		_EUSART_Initialize_Default		CODE           	0350	0000	21

driver/src/eusart.c estimated size: 66

driver/src/osc.c
		_OSC_Initialize_Default		CODE           	0255	0000	6

driver/src/osc.c estimated size: 6

user/src/util.c
		_Util_IncValue 		CODE           	0497	0000	37
		_Util_DecValue 		CODE           	0473	0000	37

user/src/util.c estimated size: 74

D:\Program Files\Microchip\xc8\v1.41\sources\common\Umul16.c
		___wmul        		CODE           	0293	0000	22

D:\Program Files\Microchip\xc8\v1.41\sources\common\Umul16.c estimated size: 22

user/src/led.c
		_Led_SaveParaIfChanged		CODE           	022F	0000	22
		_Led_TurnOffRamp		CODE           	02AD	0000	12
		_Led_InitPara  		CODE           	0181	0000	98
		_Led_TurnOnBlueRamp		CODE           	02CC	0000	4
		_Led_Initialize		CODE           	0218	0000	24
		_Led_Run       		CODE           	06AE	0000	14
		_Led_RunMusic  		CODE           	036F	0000	59
		_Led_DynamicCloud		CODE           	054F	0000	87
		_Led_OnKeyPressed		CODE           	03A9	0000	203
		_Led_DynamicStorm		CODE           	05A5	0000	91
		_Audio_Initialize		CODE           	00DB	0000	71
		_Led_TurnOnWhiteRamp		CODE           	02CF	0000	6
		_Led_TurnOnAllRamp		CODE           	02B8	0000	21
		_Led_Ramp      		CODE           	0776	0000	62

user/src/led.c estimated size: 774

user/src/main.c
		_ISR           		CODE           	0004	0000	23
		_main          		CODE           	0047	0000	34
		_Interrupt_Initialize		CODE           	0175	0000	13
		_SYSTEM_Initialize		CODE           	0244	0000	18
		_PIN_Initialize		CODE           	025A	0000	24

user/src/main.c estimated size: 112

driver/src/tmr2.c
		_TMR2_ISR      		CODE           	07F2	0000	12
		_TMR2_SetInterruptHandler		CODE           	01E2	0000	6
		_TMR2_Initialize_Default		CODE           	0286	0000	11
		_TMR2_StartTimer		CODE           	0290	0000	4

driver/src/tmr2.c estimated size: 33

driver/src/pwm.c
		_PWM1_Initialize		CODE           	0271	0000	7
		_PWM2_Initialize		CODE           	0277	0000	6
		_PWM3_Initialize		CODE           	027C	0000	6
		_PWM4_Initialize		CODE           	0281	0000	6
		_PWM1_LoadDutyValue		CODE           	07E3	0000	16
		_PWM3_LoadDutyValue		CODE           	0F71	0000	16

driver/src/pwm.c estimated size: 57

shared
		PL12           		CODE           	064C	0000	13
		PL8            		CODE           	0633	0000	14
		PL22           		CODE           	067B	0000	8
		PL32           		CODE           	0699	0000	9
		_GAIN          		STRCODE        	07FD	0000	6
		PL14           		CODE           	0658	0000	9
		PL24           		CODE           	0682	0000	8
		PL34           		CODE           	06A1	0000	7
		i1_Led_TurnOnWhiteRamp		CODE           	054A	0000	6
		PL16           		CODE           	0660	0000	11
		PL26           		CODE           	07C5	0000	9
		PL36           		CODE           	06A7	0000	8
		_VOLUME        		STRCODE        	0802	0000	6
		PL18           		CODE           	066A	0000	11
		PL28           		CODE           	0689	0000	9
		i1_EUSART_Write		CODE           	0507	0000	21
		PL38           		CODE           	0364	0000	7
		i1___wmul      		CODE           	05FF	0000	22
		i1_Audio_StopSound		CODE           	04BB	0000	19
		__initialization		CODE           	001C	0000	41
		i1_Audio_SetVolume		CODE           	04CD	0000	24
		i1_Led_TurnOnAllRamp		CODE           	051B	0000	17
		i1_Led_TurnOffRamp		CODE           	0614	0000	11
		i1_Led_TurnOnBlueRamp		CODE           	052B	0000	4
		i1_ADC_Conversion		CODE           	075B	0000	28
		PL2            		CODE           	07B3	0000	19
		i1_Led_Initialize		CODE           	052E	0000	29
		PL10           		CODE           	0640	0000	13
		PL4            		CODE           	061E	0000	12
		PL20           		CODE           	0674	0000	8
		PL30           		CODE           	0691	0000	9
		PL6            		CODE           	0629	0000	11
		PL40           		CODE           	036A	0000	6

shared estimated size: 435

driver/src/flash.c
		_FLASH_ReadBuffer		CODE           	01E7	0000	25
		_FLASH_EraseBlock		CODE           	0329	0000	32
		_FLASH_ReadByte		CODE           	01FF	0000	26
		_FLASH_WriteBlock		CODE           	02D4	0000	86

driver/src/flash.c estimated size: 169

driver/src/adc.c
		_ADC_Initialize_Default		CODE           	0348	0000	9
		_ADC_Conversion		CODE           	00BA	0000	34

driver/src/adc.c estimated size: 43

user/src/key.c
		_Key_Scan      		CODE           	06BB	0000	90
		_Key_SetActionHandler		CODE           	02A8	0000	6
		_Key_Read      		CODE           	0714	0000	72

user/src/key.c estimated size: 168

user/src/audio.c
		_Audio_StopSound		CODE           	0121	0000	19
		_Audio_SetVolume		CODE           	0133	0000	23
		_Audio_GetValue		CODE           	0068	0000	83
		_Audio_SetPlayMode		CODE           	0149	0000	24
		_Audio_SelectSound		CODE           	04E4	0000	36

user/src/audio.c estimated size: 185

